brainfuck@ubuntu:~$ 61;4;6;7;14;21;22;23;24;28;32;42c61;4;6;7;14;21;22;23;24;28;32;42c
61: command not found
4: command not found
6: command not found
7: command not found
14: command not found
^CFatal Python error: init_import_site: Failed to import the site module
Python runtime state: initialized
Traceback (most recent call last):
  File "/usr/lib/python3.10/site.py", line 79, in <module>
    import os
  File "/usr/lib/python3.10/os.py", line 29, in <module>
    from _collections_abc import _check_methods
  File "/usr/lib/python3.10/_collections_abc.py", line 271, in <module>
    class Iterator(Iterable):
  File "/usr/lib/python3.10/_collections_abc.py", line 271, in Iterator
    class Iterator(Iterable):
KeyboardInterrupt
22: command not found
23: command not found
24: command not found
28: command not found
32: command not found
42c61: command not found
4: command not found
6: command not found
7: command not found
14: command not found
21: command not found
22: command not found
23: command not found
24: command not found
28: command not found
32: command not found
Command '42c' not found, did you mean:
  command 'g2c' from deb goo (0.155+ds-4)
  command 'f2c' from deb f2c (20200916-1)
Try: apt install <deb name>
brainfuck@ubuntu:~$ ls
brainfuck  libc-2.23.so  readme
brainfuck@ubuntu:~$
brainfuck@ubuntu:~$ exit
logout
Connection to pwnable.kr closed.
dalal@ItamarLaptop:/mnt/c/users/dalal/desktop/private_projects$ scp -P 2222 brainfuck@pwnable.kr:/path/to/file /local/pt
brainfuck@pwnable.kr's password:
scp: /path/to/file: No such file or directory
dalal@ItamarLaptop:/mnt/c/users/dalal/desktop/private_projects$ ssh brainfuck@pwnable.kr -p2222
brainfuck@pwnable.kr's password:
Permission denied, please try again.
brainfuck@pwnable.kr's password:
██     ██ ███████ ██       ██████  ██████  ███    ███ ███████     ████████  ██████
██     ██ ██      ██      ██      ██    ██ ████  ████ ██             ██    ██    ██
██  █  ██ █████   ██      ██      ██    ██ ██ ████ ██ █████          ██    ██    ██
██ ███ ██ ██      ██      ██      ██    ██ ██  ██  ██ ██             ██    ██    ██
 ███ ███  ███████ ███████  ██████  ██████  ██      ██ ███████        ██     ██████


██████  ██     ██ ███    ██  █████  ██████  ██      ███████    ██   ██ ██████
██   ██ ██     ██ ████   ██ ██   ██ ██   ██ ██      ██         ██  ██  ██   ██
██████  ██  █  ██ ██ ██  ██ ███████ ██████  ██      █████      █████   ██████
██      ██ ███ ██ ██  ██ ██ ██   ██ ██   ██ ██      ██         ██  ██  ██   ██
██       ███ ███  ██   ████ ██   ██ ██████  ███████ ███████ ██ ██   ██ ██   ██


Admin: daehee (daehee87@khu.ac.kr)
Please note that server is under renewal/update.
Please don't brute-force the resource, be kind to other users.
Installed Tools: pwndbg, qemu, python2, python3
(let admin know if some essential tool is missing)
**IMPORTANT: stuff under /tmp can be erased. "/usr/local/bin/cleanup_tmp.sh" runs every 24H **
brainfuck@ubuntu:~$ ls
brainfuck  libc-2.23.so  readme
brainfuck@ubuntu:~$ cd ..
brainfuck@ubuntu:/home$ ls
aeg            brainfuck      crypto1_pwn    input2          malware_pwn        passcode_pwn        starcraft
aeg_pwn        brainfuck_pwn  daehee         input2_pwn      maze               pwnsandbox          starcraft_pwn
ascii          chatbot        dos            kcrc            maze_pwn           pwnsandbox_pwn      syscall
ascii_easy     chatbot_pwn    dos_pwn        kcrc_pwn        md5calculator      random              tiny_easy
ascii_pwn      cmd1           dragon         leakme          md5calculator_pwn  random_pwn          tiny_easy_pwn
asg            cmd2           dragon_pwn     leakme_pwn      memcpy             rootkit             tiny_hard
asg_pwn        cmd3           echo2          leg             memcpy_pwn         rsa_calculator      tiny_hard_pwn
asm            cmd3_pwn       echo2_pwn      legacy_challs   mipstake           rsa_calculator_pwn  towelroot
asm2           coin1          elf            lfh             mipstake_pwn       runall.sh           towelroot_pwn
asm2_pwn       coin1_pwn      elf_pwn        lfh_pwn         mistake            sadmin              uaf
asm3           coin2          exynos         lokihardt       note               simplelogin         uaf_pwn
asm3_pwn       coin2_pwn      fd      lokihardt_pwn   note_pwn          simplelogin_pwn     unlink
asm_pwn        col            grail          lotto           nuclear            sizcaller           unlink_pwn
blackjack      crashgen       horcruxes      lotto_pwn       nuclear_pwn        sizcaller_pwn       wtf
blackjack_pwn  crashgen_pwn   horcruxes_pwn  loveletter      otp                softmmu             wtf_pwn
bof            crcgen_pwn     hunter         loveletter_pwn  otp_pwn            softmmu_pwn
bof_pwn        crypto1        hunter_pwn     malware         passcode           sshmonitor
brainfuck@ubuntu:/home$ cd ..
brainfuck@ubuntu:/$ cd ..
brainfuck@ubuntu:/$ file /home/brainfuck/brainfuck
/home/brainfuck/brainfuck: ELF 32-bit LSB executable, Intel 80386, version 1 (SYSV), dynamically linked, interpreter /lib/ld-linux.so.2, for GNU/Linux 2.6.24, BuildID[sha1]=190d45832c271de25448cefe52fbd15ea9ed5e65, not stripped
brainfuck@ubuntu:/$ exit
logout
Connection to pwnable.kr closed.
dalal@ItamarLaptop:/mnt/c/users/dalal/desktop/private_projects$ scp -P 2222 brainfuck@pwnable.kr:/home/brainfuck/brainfuck C:\Users\dalal\Desktop\Private_Projects\CTF\pwnable.kr\brainfuck
brainfuck@pwnable.kr's password:
ssh: Could not resolve hostname c: Temporary failure in name resolution
dalal@ItamarLaptop:/mnt/c/users/dalal/desktop/private_projects$ cd ctf
dalal@ItamarLaptop:/mnt/c/users/dalal/desktop/private_projects/ctf$ cd pwnable.kr
dalal@ItamarLaptop:/mnt/c/users/dalal/desktop/private_projects/ctf/pwnable.kr$ cd brainfuck
dalal@ItamarLaptop:/mnt/c/users/dalal/desktop/private_projects/ctf/pwnable.kr/brainfuck$ scp -P 2222 brainfuck@pwnable.kr:/home/brainfuck/brainfuck /mnt/c/users/dalal/desktop/private_projects/ctf/pwnable.kr/brainfuck
brainfuck@pwnable.kr's password:
brainfuck                                                                             100% 7713    27.6KB/s   00:00
dalal@ItamarLaptop:/mnt/c/users/dalal/desktop/private_projects/ctf/pwnable.kr/brainfuck$ scp -P 2222 brainfuck@pwnable.kr:/home/brainfuck /mnt/c/users/dalal/desktop/private_projects/ctf/pwnable.kr/brainfuck
brainfuck@pwnable.kr's password:
scp: /home/brainfuck: not a regular file
dalal@ItamarLaptop:/mnt/c/users/dalal/desktop/private_projects/ctf/pwnable.kr/brainfuck$ scp -P 2222 -r brainfuck@pwnabl
e.kr:/home/brainfuck /mnt/c/users/dalal/desktop/private_projects/ctf/pwnable.kr/brainfuck
brainfuck@pwnable.kr's password:
brainfuck                                                                                                                 100% 7713    27.1KB/s   00:00
libc-2.23.so                                                                                                              100% 1749KB 894.9KB/s   00:01
readme                                                                                                                    100%   57     0.2KB/s   00:00
scp: /home/brainfuck/.bash_history: Permission denied
dalal@ItamarLaptop:/mnt/c/users/dalal/desktop/private_projects/ctf/pwnable.kr/brainfuck$ ssh brainfuck@pwnable.kr -p2222
brainfuck@pwnable.kr's password:
██     ██ ███████ ██       ██████  ██████  ███    ███ ███████     ████████  ██████
██     ██ ██      ██      ██      ██    ██ ████  ████ ██             ██    ██    ██
██  █  ██ █████   ██      ██      ██    ██ ██ ████ ██ █████          ██    ██    ██
██ ███ ██ ██      ██      ██      ██    ██ ██  ██  ██ ██             ██    ██    ██
 ███ ███  ███████ ███████  ██████  ██████  ██      ██ ███████        ██     ██████


██████  ██     ██ ███    ██  █████  ██████  ██      ███████    ██   ██ ██████
██   ██ ██     ██ ████   ██ ██   ██ ██   ██ ██      ██         ██  ██  ██   ██
██████  ██  █  ██ ██ ██  ██ ███████ ██████  ██      █████      █████   ██████
██      ██ ███ ██ ██  ██ ██ ██   ██ ██   ██ ██      ██         ██  ██  ██   ██
██       ███ ███  ██   ████ ██   ██ ██████  ███████ ███████ ██ ██   ██ ██   ██


Admin: daehee (daehee87@khu.ac.kr)
Please note that server is under renewal/update.
Please don't brute-force the resource, be kind to other users.
Installed Tools: pwndbg, qemu, python2, python3
(let admin know if some essential tool is missing)
**IMPORTANT: stuff under /tmp can be erased. "/usr/local/bin/cleanup_tmp.sh" runs every 24H **
brainfuck@ubuntu:~$ ./brainfuck
welcome to brainfuck testing system!!
type some brainfuck instructions except [ ]
..
brainfuck@ubuntu:~$ nc 0 9001
brainfuck@ubuntu:~$ nc 0 9001
brainfuck@ubuntu:~$ nc 0 2000
Which service is down? (input service ssh account name): ^C
brainfuck@ubuntu:~$ nc 0 9001
brainfuck@ubuntu:~$
brainfuck@ubuntu:~$ nc -zv 127.0.0.1 9001
nc: connect to 127.0.0.1 port 9001 (tcp) failed: Connection refused
brainfuck@ubuntu:~$ nc -zv 0 9001
nc: connect to 0 (0.0.0.0) port 9001 (tcp) failed: Connection refused
brainfuck@ubuntu:~$ nc 0 2000
Which service is down? (input service ssh account name): brainfuck
[*] Checking if port 9001 for service 'brainfuck' is open...
[-] Service 'brainfuck' not running. Restarting...
[+] Restart successful for 'brainfuck'
brainfuck_chall
brainfuck_chall
437b0fcb29275a8b0454ebab91d865c6f56b18e9a1f67966493354d8cf9204af
...
brainfuck@ubuntu:~$ nc -zv 0 9001
Connection to 0 (0.0.0.0) 9001 port [tcp/*] succeeded!
brainfuck@ubuntu:~$ nc 0 9001
welcome to brainfuck testing system!!
type some brainfuck instructions except [ ]
....
,.
h

brainfuck@ubuntu:~$ nc 0 9001
welcome to brainfuck testing system!!
type some brainfuck instructions except [ ]
,
h
.
.................
>>>>>>>>>>>>>>>>>>>>>>>>>>.
brainfuck@ubuntu:~$ nc 0 9001
welcome to brainfuck testing system!!
type some brainfuck instructions except [ ]
>>>>>>>>>>>>>>>>>>>>>>>>>>>>
.


brainfuck@ubuntu:~$ nc 0 9001
welcome to brainfuck testing system!!
type some brainfuck instructions except [ ]
,.
h
h


brainfuck@ubuntu:~$ nc 0 9001
welcome to brainfuck testing system!!
type some brainfuck instructions except [ ]
>>>>>>>>>>>>>>>>>>>>>>>>>.
>>>>>>>>>>>>>>>>>>>>>>>>>>>>>>>>>>>>>>.


brainfuck@ubuntu:~$ nc 0 9001
welcome to brainfuck testing system!!
type some brainfuck instructions except [ ]
.>.>.>.>.>.>.>.>.>.>.>.>.>.>.>.>.>.>.>.>.>.>.>.>.>.>.>.>.>.>.>.>.>.>.>.>.>.>.>.>.>.>.>.>.>.>.>.>.>.>.>



brainfuck@ubuntu:~$ nc 0 9001
welcome to brainfuck testing system!!
type some brainfuck instructions except [ ]
.<.<.<.<.<.<.<.<.<.<.<.<.<.<.<.<.<.<.<.<.<.<.<.<.<.<.<.<.<.<.<.<.<.<.<.<.<.<.<.<.<.<.<.<.<.<.<.<.<.<.<.<.<.<.<.<.<.<.<.<.<.<.<.<.<
     `client_loop: send disconnect: Broken pipe
dalal@ItamarLaptop:/mnt/c/users/dalal/desktop/private_projects/ctf/pwnable.kr/brainfuck$ ssh brainfuck@pwnable.kr -p2222
brainfuck@pwnable.kr's password:
██     ██ ███████ ██       ██████  ██████  ███    ███ ███████     ████████  ██████
██     ██ ██      ██      ██      ██    ██ ████  ████ ██             ██    ██    ██
██  █  ██ █████   ██      ██      ██    ██ ██ ████ ██ █████          ██    ██    ██
██ ███ ██ ██      ██      ██      ██    ██ ██  ██  ██ ██             ██    ██    ██
 ███ ███  ███████ ███████  ██████  ██████  ██      ██ ███████        ██     ██████


██████  ██     ██ ███    ██  █████  ██████  ██      ███████    ██   ██ ██████
██   ██ ██     ██ ████   ██ ██   ██ ██   ██ ██      ██         ██  ██  ██   ██
██████  ██  █  ██ ██ ██  ██ ███████ ██████  ██      █████      █████   ██████
██      ██ ███ ██ ██  ██ ██ ██   ██ ██   ██ ██      ██         ██  ██  ██   ██
██       ███ ███  ██   ████ ██   ██ ██████  ███████ ███████ ██ ██   ██ ██   ██


Admin: daehee (daehee87@khu.ac.kr)
Please note that server is under renewal/update.
Please don't brute-force the resource, be kind to other users.
Installed Tools: pwndbg, qemu, python2, python3
(let admin know if some essential tool is missing)
**IMPORTANT: stuff under /tmp can be erased. "/usr/local/bin/cleanup_tmp.sh" runs every 24H **
brainfuck@ubuntu:~$ mkdir /tmp/dalal
mkdir: cannot create directory ‘/tmp/dalal’: File exists
brainfuck@ubuntu:~$ mkdir /tmp/test
brainfuck@ubuntu:~$ toucj /tmp/dalal/a.txt
Command 'toucj' not found, did you mean:
  command 'touch' from deb coreutils (8.32-4.1ubuntu1.2)
Try: apt install <deb name>
brainfuck@ubuntu:~$ touch /tmp/dalal/a.txt
brainfuck@ubuntu:~$ nc 0 9001 > /tmp/dalal/a.txt
.<.<.<.<.<.<.<.<.<.<.<.<.<.<.<.<.<.<.<.<.<.<.<.<.<.<.<.<.<.<.<.<.<.<.<.<.<.<.<.<.<.<.<.<.<.<.<.<.<.<.<.<.<.<.<.<.<.<.<.<.<.<.<.<.<


\
brainfuck@ubuntu:~$ cat /tmp/dalal/a.txt
welcome to brainfuck testing system!!
type some brainfuck instructions except [ ]
    M`brainfuck@ubuntu:~$ sublime
sublime: command not found
brainfuck@ubuntu:~$ nano  /tmp/dalal/a.txt
Unable to create directory /home/brainfuck/.local/share/nano/: No such file or directory
It is required for saving/loading search history or cursor positions.

brainfuck@ubuntu:~$ nano  /tmp/dalal/a.txt
Unable to create directory /home/brainfuck/.local/share/nano/: No such file or directory
It is required for saving/loading search history or cursor positions.

brainfuck@ubuntu:~$ nano  /tmp/dalal/a.txt
Unable to create directory /home/brainfuck/.local/share/nano/: No such file or directory
It is required for saving/loading search history or cursor positions.

brainfuck@ubuntu:~$ xxd  /tmp/dalal/a.txt
00000000: 0000 0000 0000 0000 0000 0000 0000 0000  ................
00000010: 0000 0000 0000 0000 0000 0000 0008 04a0  ................
00000020: 8000 0000 0000 0000 0000 0000 0000 0000  ................
00000030: 0000 0000 0000 0000 0000 0000 00f7 f04d  ...............M
00000040: 600a                                     `.
brainfuck@ubuntu:~$ client_loop: send disconnect: Broken pipe
dalal@ItamarLaptop:/mnt/c/users/dalal/desktop/private_projects/ctf/pwnable.kr/brainfuck$ ssh brainfuck@pwnable.kr -p2222
brainfuck@pwnable.kr's password:
██     ██ ███████ ██       ██████  ██████  ███    ███ ███████     ████████  ██████
██     ██ ██      ██      ██      ██    ██ ████  ████ ██             ██    ██    ██
██  █  ██ █████   ██      ██      ██    ██ ██ ████ ██ █████          ██    ██    ██
██ ███ ██ ██      ██      ██      ██    ██ ██  ██  ██ ██             ██    ██    ██
 ███ ███  ███████ ███████  ██████  ██████  ██      ██ ███████        ██     ██████


██████  ██     ██ ███    ██  █████  ██████  ██      ███████    ██   ██ ██████
██   ██ ██     ██ ████   ██ ██   ██ ██   ██ ██      ██         ██  ██  ██   ██
██████  ██  █  ██ ██ ██  ██ ███████ ██████  ██      █████      █████   ██████
██      ██ ███ ██ ██  ██ ██ ██   ██ ██   ██ ██      ██         ██  ██  ██   ██
██       ███ ███  ██   ████ ██   ██ ██████  ███████ ███████ ██ ██   ██ ██   ██


Admin: daehee (daehee87@khu.ac.kr)
Please note that server is under renewal/update.
Please don't brute-force the resource, be kind to other users.
Installed Tools: pwndbg, qemu, python2, python3
(let admin know if some essential tool is missing)
**IMPORTANT: stuff under /tmp can be erased. "/usr/local/bin/cleanup_tmp.sh" runs every 24H **
brainfuck@ubuntu:~$ readelf -S brainfuck | grep '\.got'
  [22] .got              PROGBITS        08049ffc 000ffc 000004 04  WA  0   0  4
  [23] .got.plt          PROGBITS        0804a000 001000 000034 04  WA  0   0  4
brainfuck@ubuntu:~$ readelf -S brainfuck | grep '\.got'
  [22] .got              PROGBITS        08049ffc 000ffc 000004 04  WA  0   0  4
  [23] .got.plt          PROGBITS        0804a000 001000 000034 04  WA  0   0  4
brainfuck@ubuntu:~$ exit
logout
Connection to pwnable.kr closed.
dalal@ItamarLaptop:/mnt/c/users/dalal/desktop/private_projects/ctf/pwnable.kr/brainfuck$ ssh brainfuck@pwnable.kr -p2222
brainfuck@pwnable.kr's password:
██     ██ ███████ ██       ██████  ██████  ███    ███ ███████     ████████  ██████
██     ██ ██      ██      ██      ██    ██ ████  ████ ██             ██    ██    ██
██  █  ██ █████   ██      ██      ██    ██ ██ ████ ██ █████          ██    ██    ██
██ ███ ██ ██      ██      ██      ██    ██ ██  ██  ██ ██             ██    ██    ██
 ███ ███  ███████ ███████  ██████  ██████  ██      ██ ███████        ██     ██████


██████  ██     ██ ███    ██  █████  ██████  ██      ███████    ██   ██ ██████
██   ██ ██     ██ ████   ██ ██   ██ ██   ██ ██      ██         ██  ██  ██   ██
██████  ██  █  ██ ██ ██  ██ ███████ ██████  ██      █████      █████   ██████
██      ██ ███ ██ ██  ██ ██ ██   ██ ██   ██ ██      ██         ██  ██  ██   ██
██       ███ ███  ██   ████ ██   ██ ██████  ███████ ███████ ██ ██   ██ ██   ██


Admin: daehee (daehee87@khu.ac.kr)
Please note that server is under renewal/update.
Please don't brute-force the resource, be kind to other users.
Installed Tools: pwndbg, qemu, python2, python3
(let admin know if some essential tool is missing)
**IMPORTANT: stuff under /tmp can be erased. "/usr/local/bin/cleanup_tmp.sh" runs every 24H **
brainfuck@ubuntu:~$ readelf -S brainfuck | grep '\.got'
  [22] .got              PROGBITS        08049ffc 000ffc 000004 04  WA  0   0  4
  [23] .got.plt          PROGBITS        0804a000 001000 000034 04  WA  0   0  4
brainfuck@ubuntu:~$ client_loop: send disconnect: Broken pipe
dalal@ItamarLaptop:/mnt/c/users/dalal/desktop/private_projects/ctf/pwnable.kr/brainfuck$ ssh brainfuck@pwnable.kr -p2222
brainfuck@pwnable.kr's password:
██     ██ ███████ ██       ██████  ██████  ███    ███ ███████     ████████  ██████
██     ██ ██      ██      ██      ██    ██ ████  ████ ██             ██    ██    ██
██  █  ██ █████   ██      ██      ██    ██ ██ ████ ██ █████          ██    ██    ██
██ ███ ██ ██      ██      ██      ██    ██ ██  ██  ██ ██             ██    ██    ██
 ███ ███  ███████ ███████  ██████  ██████  ██      ██ ███████        ██     ██████


██████  ██     ██ ███    ██  █████  ██████  ██      ███████    ██   ██ ██████
██   ██ ██     ██ ████   ██ ██   ██ ██   ██ ██      ██         ██  ██  ██   ██
██████  ██  █  ██ ██ ██  ██ ███████ ██████  ██      █████      █████   ██████
██      ██ ███ ██ ██  ██ ██ ██   ██ ██   ██ ██      ██         ██  ██  ██   ██
██       ███ ███  ██   ████ ██   ██ ██████  ███████ ███████ ██ ██   ██ ██   ██


Admin: daehee (daehee87@khu.ac.kr)
Please note that server is under renewal/update.
Please don't brute-force the resource, be kind to other users.
Installed Tools: pwndbg, qemu, python2, python3
(let admin know if some essential tool is missing)
**IMPORTANT: stuff under /tmp can be erased. "/usr/local/bin/cleanup_tmp.sh" runs every 24H **
brainfuck@ubuntu:~$ nm -D libc-2.23.so | grep " system$"
brainfuck@ubuntu:~$ nm -D libc-2.23.so | grep " system"
0003adb0 W system@@GLIBC_2.0
brainfuck@ubuntu:~$ ls
brainfuck  libc-2.23.so  readme
brainfuck@ubuntu:~$ nm -D libc-2.23.so | grep "system"
0003adb0 T __libc_system@@GLIBC_PRIVATE
00113040 T svcerr_systemerr@@GLIBC_2.0
0003adb0 W system@@GLIBC_2.0
brainfuck@ubuntu:~$ nm libc-2.23.so | grep "system"
nm: libc-2.23.so: no symbols
brainfuck@ubuntu:~$ nm libc-2.23.so | grep "system"
nm: libc-2.23.so: no symbols
brainfuck@ubuntu:~$ strings -a -t x libc-2.23.so | grep "/bin/sh"
 15bb2b /bin/sh
brainfuck@ubuntu:~$ client_loop: send disconnect: Broken pipe
dalal@ItamarLaptop:/mnt/c/users/dalal/desktop/private_projects/ctf/pwnable.kr/brainfuck$ ssh brainfuck@pwnable.kr -p2222
brainfuck@pwnable.kr's password:
██     ██ ███████ ██       ██████  ██████  ███    ███ ███████     ████████  ██████
██     ██ ██      ██      ██      ██    ██ ████  ████ ██             ██    ██    ██
██  █  ██ █████   ██      ██      ██    ██ ██ ████ ██ █████          ██    ██    ██
██ ███ ██ ██      ██      ██      ██    ██ ██  ██  ██ ██             ██    ██    ██
 ███ ███  ███████ ███████  ██████  ██████  ██      ██ ███████        ██     ██████


██████  ██     ██ ███    ██  █████  ██████  ██      ███████    ██   ██ ██████
██   ██ ██     ██ ████   ██ ██   ██ ██   ██ ██      ██         ██  ██  ██   ██
██████  ██  █  ██ ██ ██  ██ ███████ ██████  ██      █████      █████   ██████
██      ██ ███ ██ ██  ██ ██ ██   ██ ██   ██ ██      ██         ██  ██  ██   ██
██       ███ ███  ██   ████ ██   ██ ██████  ███████ ███████ ██ ██   ██ ██   ██


Admin: daehee (daehee87@khu.ac.kr)
Please note that server is under renewal/update.
Please don't brute-force the resource, be kind to other users.
Installed Tools: pwndbg, qemu, python2, python3
(let admin know if some essential tool is missing)
**IMPORTANT: stuff under /tmp can be erased. "/usr/local/bin/cleanup_tmp.sh" runs every 24H **
brainfuck@ubuntu:~$ ./brainfuck
welcome to brainfuck testing system!!
type some brainfuck instructions except [ ]
....>>><<
brainfuck@ubuntu:~$ ,,client_loop: send disconnect: Broken pipe
dalal@ItamarLaptop:/mnt/c/users/dalal/desktop/private_projects/ctf/pwnable.kr/brainfuck$ ssh brainfuck@pwnable.kr -p2222
brainfuck@pwnable.kr's password:
██     ██ ███████ ██       ██████  ██████  ███    ███ ███████     ████████  ██████
██     ██ ██      ██      ██      ██    ██ ████  ████ ██             ██    ██    ██
██  █  ██ █████   ██      ██      ██    ██ ██ ████ ██ █████          ██    ██    ██
██ ███ ██ ██      ██      ██      ██    ██ ██  ██  ██ ██             ██    ██    ██
 ███ ███  ███████ ███████  ██████  ██████  ██      ██ ███████        ██     ██████


██████  ██     ██ ███    ██  █████  ██████  ██      ███████    ██   ██ ██████
██   ██ ██     ██ ████   ██ ██   ██ ██   ██ ██      ██         ██  ██  ██   ██
██████  ██  █  ██ ██ ██  ██ ███████ ██████  ██      █████      █████   ██████
██      ██ ███ ██ ██  ██ ██ ██   ██ ██   ██ ██      ██         ██  ██  ██   ██
██       ███ ███  ██   ████ ██   ██ ██████  ███████ ███████ ██ ██   ██ ██   ██


Admin: daehee (daehee87@khu.ac.kr)
Please note that server is under renewal/update.
Please don't brute-force the resource, be kind to other users.
Installed Tools: pwndbg, qemu, python2, python3
(let admin know if some essential tool is missing)
**IMPORTANT: stuff under /tmp can be erased. "/usr/local/bin/cleanup_tmp.sh" runs every 24H **
brainfuck@ubuntu:~$ ./brainfuck | xxd -p
77656c636f6d6520746f20627261696e6675636b2074657374696e672073
797374656d21210a7479706520736f6d6520627261696e6675636b20696e
<<<<<<<<<<<<<<<<<<<<<<<<<<<<<<<<<<<<<<<<<<<<<<<<<<<<<<<<<<<<<<<<<<<<<<<<<<<<<<<<<<<<<<<<<<<<<<.>.>.>.
737472756374696f6e7320657863657074205b205d0af7f70000
brainfuck@ubuntu:~$ ./brainfuck
welcome to brainfuck testing system!!
type some brainfuck instructions except [ ]
<<<<<<<<<<<<<<<<<<<<<<<<<<<<<<<<<<<<<<<<<<<<<<<<<<<<<<<<<<<<<<<<<<<<<<<<<<<<<<<<<<<<<<<<<<<<<<.>.>.>.
  brainfuck@ubuntu:~$ touch /tmp/a.txt
brainfuck@ubuntu:~$ ./brainfuck > /tmp/a.txt
<<<<<<<<<<<<<<<<<<<<<<<<<<<<<<<<<<<<<<<<<<<<<<<<<<<<<<<<<<<<<<<<<<<<<<<<<<<<<<<<<<<<<<<<<<<<<<.>.>.>.
brainfuck@ubuntu:~$ /tmp/a.txt | xxd
-bash: /tmp/a.txt: Permission denied
brainfuck@ubuntu:~$ /tmp/a.txt | xxd
-bash: /tmp/a.txt: Permission denied
brainfuck@ubuntu:~$ cat /tmp/a.txt
welcome to brainfuck testing system!!
type some brainfuck instructions except [ ]
  brainfuck@ubuntu:~$ /tmp/a.txt | xxd -p
-bash: /tmp/a.txt: Permission denied
brainfuck@ubuntu:~$ xxd /tmp/a.txt
00000000: 7765 6c63 6f6d 6520 746f 2062 7261 696e  welcome to brain
00000010: 6675 636b 2074 6573 7469 6e67 2073 7973  fuck testing sys
00000020: 7465 6d21 210a 7479 7065 2073 6f6d 6520  tem!!.type some
00000030: 6272 6169 6e66 7563 6b20 696e 7374 7275  brainfuck instru
00000040: 6374 696f 6e73 2065 7863 6570 7420 5b20  ctions except [
00000050: 5d0a f4f7 0000                           ].....
brainfuck@ubuntu:~$ nano /tmp/a.txt
Unable to create directory /home/brainfuck/.local/share/nano/: No such file or directory
It is required for saving/loading search history or cursor positions.

brainfuck@ubuntu:~$ xxd /tmp/a.txt
00000000: f4f7 0000 0a                             .....
brainfuck@ubuntu:~$ ./brainfuck > /tmp/a.txt
<<<<<<<<<<<<<<<<<<<<<<<<<<<<<<<<<<<<<<<<<<<<<<<<<<<<<<<<<<<<<<<<<<<<<<<<<<<<<<<<<<<<<<<<<<<<<<.>.>.>.>.>.>.
brainfuck@ubuntu:~$ xxd /tmp/a.txt
00000000: 7765 6c63 6f6d 6520 746f 2062 7261 696e  welcome to brain
00000010: 6675 636b 2074 6573 7469 6e67 2073 7973  fuck testing sys
00000020: 7465 6d21 210a 7479 7065 2073 6f6d 6520  tem!!.type some
00000030: 6272 6169 6e66 7563 6b20 696e 7374 7275  brainfuck instru
00000040: 6374 696f 6e73 2065 7863 6570 7420 5b20  ctions except [
00000050: 5d0a f6f7 0000 0000 00                   ]........
brainfuck@ubuntu:~$ ./brainfuck > /tmp/a.txt
<<<<<<<<<<<<<<<<<<<<<<<<<<<<<<<<<<<<<<<<<<<<<<<<<<<<<<<<<<<<<<<<<<<<<<<<<<<<<<<<<<<<<<<<<<<<<<.>.>.>.>.>.>..>.>.>.>.>.>..>.>.>.>.>.>..>.>.>.>.>.>..>.>.>.>.>.>..>.>.>.>.>.>..>.>.>.>.>.>..>.>.>.>.>.>..>.>.>.>.>.>..>.>.>.>.>.>..>.>.>.>.>.>..>.>.>.>.>.>..>.>.>.>.>.>..>.>.>.>.>.>..>.>.>.>.>.>..>.>.>.>.>.>..>.>.>.>.>.>..>.>.>.>.>.>..>.>.>.>.>.>..>.>.>.>.>.>..>.>.>.>.>.>..>.>.>.>.>.>..>.>.>.>.>.>..>.>.>.>.>.>..>.>.>.>.>.>..>.>.>.>.>.>..>.>.>.>.>.>..>.>.>.>.>.>..>.>.>.>.>.>..>.>.>.>.>.>..>.>.>.>.>.>..>.>.>.>.>.>..>.>.>.>.>.>..>.>.>.>.>.>..>.>.>.>.>.>..>.>.>.>.>.>..>.>.>.>.>.>..>.>.>.>.>.>..>.>.>.>.>.>..>.>.>.>.>.>..>.>.>.>.>.>..>.>.>.>.>.>..>.>.>.>.>.>..>.>.>.>.>.>..>.>.>.>.>.>..>.>.>.>.>.>..>.>.>.>.>.>..>.>.>.>.>.>..>.>.>.>.>.>..>.>.>.>.>.>..>.>.>.>.>.>..>.>.>.>.>.>..>.>.>.>.>.>..>.>.>.>.>.>..>.>.>.>.>.>..>.>.>.>.>.>..>.>.>.>.>.>..>.>.>.>.>.>..>.>.>.>.>.>..>.>.>.>.>.>..>.>.>.>.>.>..>.>.>.>.>.>..>.>.>.>.>.>..>.>.>.>.>.>.
brainfuck@ubuntu:~$ xxd /tmp/a.txt
00000000: 7765 6c63 6f6d 6520 746f 2062 7261 696e  welcome to brain
00000010: 6675 636b 2074 6573 7469 6e67 2073 7973  fuck testing sys
00000020: 7465 6d21 210a 7479 7065 2073 6f6d 6520  tem!!.type some
00000030: 6272 6169 6e66 7563 6b20 696e 7374 7275  brainfuck instru
00000040: 6374 696f 6e73 2065 7863 6570 7420 5b20  ctions except [
00000050: 5d0a f5f7 0000 0000 0000 0000 0000 0000  ]...............
00000060: 0000 0000 0000 0000 0000 0000 0000 0000  ................
00000070: 0000 0000 a0a0 1df5 f700 0000 0000 0000  ................
00000080: 0000 0000 0000 0000 0000 0000 0000 0000  ................
00000090: 0000 0000 0000 0000 0000 80a0 0408 0000  ................
000000a0: 0000 0000 0000 0000 0000 0000 0000 0000  ................
000000b0: 0000 0000 0000 0000 0000 0000 0000 0000  ................
000000c0: 0000 0000 0000 0000 0000 0000 0000 0000  ................
000000d0: 0000 0000 0000 0000 0000 0000 0000 0000  ................
000000e0: 0000 0000 0000 0000 0000 0000 0000 0000  ................
000000f0: 0000 0000 0000 0000 0000 0000 0000 0000  ................
00000100: 0000 0000 0000 0000 0000 0000 0000 0000  ................
00000110: 0000 0000 0000 0000 0000 0000 0000 0000  ................
00000120: 0000 0000 0000 0000 0000 0000 0000 0000  ................
00000130: 0000 0000 0000 0000 0000 0000 0000 0000  ................
00000140: 0000 0000 0000 0000 0000 0000 0000 0000  ................
00000150: 0000 0000 0000 0000 0000 0000 0000 0000  ................
00000160: 0000 0000 0000 0000 0000 0000 0000 0000  ................
00000170: 0000 0000 0000 0000 0000 0000 0000 0000  ................
00000180: 0000 0000 0000 0000 0000 0000 0000 0000  ................
00000190: 0000 0000 0000 0000 0000 0000 0000 0000  ................
000001a0: 0000 0000 0000 0000 0000 0000 0000 0000  ................
000001b0: 0000 0000 0000 0000 0000 0000 0000 0000  ................
000001c0: 0000 0000 0000 0000 0000 0000 0000 0000  ................
000001d0: 0000 0000 0000 0000 0000 0000 0000 0000  ................
000001e0: 0000 0000 0000 0000 0000 0000 0000 0000  ................
000001f0: 0000 0000 0000 0000 0000 0000 0000 0000  ................
00000200: 0000 0000 0000 0000 0000 0000 0000 0000  ................
00000210: 0000                                     ..
brainfuck@ubuntu:~$ ./brainfuck > /tmp/a.txt
<<<<<<<<<<<<<<<<<<<<<<<<<<<<<<<<<<<<<<<<<<<<<<<<<<<<<<<<<<<<<<<<<<<<<<<<<<<<<<<<<<<<<<<<<<<<<<<<<<<<<<<<<<<<<<<<<<<<<<<<<<<<<<<<<<<<<<<<<<<<<<<<<<<<<<<<<<<<<<<<<<<<<<<<<<<<<<<<<<<<<<<<<<<<.>.>.>.>.>.>..>.>.>.>.>.>..>.>.>.>.>.>..>.>.>.>.>.>..>.>.>.>.>.>..>.>.>.>.>.>..>.>.>.>.>.>..>.>.>.>.>.>..>.>.>.>.>.>..>.>.>.
brainfuck@ubuntu:~$ xxd /tmp/a.txt
00000000: 7765 6c63 6f6d 6520 746f 2062 7261 696e  welcome to brain
00000010: 6675 636b 2074 6573 7469 6e67 2073 7973  fuck testing sys
00000020: 7465 6d21 210a 7479 7065 2073 6f6d 6520  tem!!.type some
00000030: 6272 6169 6e66 7563 6b20 696e 7374 7275  brainfuck instru
00000040: 6374 696f 6e73 2065 7863 6570 7420 5b20  ctions except [
00000050: 5d0a                                     ].
brainfuck@ubuntu:~$ ./brainfuck > /tmp/a.txt
<<<<<<<<<<<<<<<<<<<<<<<<<<<<<<<<<<<<<<<<<<<<<<<<<<<<<<<<<<<<<<<<<<<<<<<<<<<<<<<<<<<<<<<<<<<<<<<<<<<<<<<<<<<<<<<<<<<<<<<<<<<<<<<<<<<<<<<<<<<<<<<<<<<<<<<<<<<<<<<<<<<<<<<<<<<<<<<<<<<<<<<<<<<<.>.>.>.>.>.>.>.>.>.>.>.>.>.>.>.>.>.>.>.>.>.>.>.>.>.>
brainfuck@ubuntu:~$ xxd /tmp/a.txt
00000000: 7765 6c63 6f6d 6520 746f 2062 7261 696e  welcome to brain
00000010: 6675 636b 2074 6573 7469 6e67 2073 7973  fuck testing sys
00000020: 7465 6d21 210a 7479 7065 2073 6f6d 6520  tem!!.type some
00000030: 6272 6169 6e66 7563 6b20 696e 7374 7275  brainfuck instru
00000040: 6374 696f 6e73 2065 7863 6570 7420 5b20  ctions except [
00000050: 5d0a 0000 0000 0000 0000 0000 0000 0000  ]...............
00000060: 0000 0000 0000 0000 0000 0000            ............
brainfuck@ubuntu:~$ gdb ./brainfuck
GNU gdb (Ubuntu 12.1-0ubuntu1~22.04.2) 12.1
Copyright (C) 2022 Free Software Foundation, Inc.
License GPLv3+: GNU GPL version 3 or later <http://gnu.org/licenses/gpl.html>
This is free software: you are free to change and redistribute it.
There is NO WARRANTY, to the extent permitted by law.
Type "show copying" and "show warranty" for details.
This GDB was configured as "x86_64-linux-gnu".
Type "show configuration" for configuration details.
For bug reporting instructions, please see:
<https://www.gnu.org/software/gdb/bugs/>.
Find the GDB manual and other documentation resources online at:
    <http://www.gnu.org/software/gdb/documentation/>.

For help, type "help".
Type "apropos word" to search for commands related to "word"...
pwndbg: loaded 187 pwndbg commands and 47 shell commands. Type pwndbg [--shell | --all] [filter] for a list.
pwndbg: created $rebase, $base, $hex2ptr, $argv, $envp, $argc, $environ, $bn_sym, $bn_var, $bn_eval, $ida GDB functions (can be used with print/break)
Reading symbols from ./brainfuck...
(No debugging symbols found in ./brainfuck)
------- tip of the day (disable with set show-tips off) -------
Use vmmap -A|-B <number> <filter> to display <number> of maps after/before filtered ones
pwndbg> p getchar
$1 = {<text variable, no debug info>} 0x8048440 <getchar@plt>
pwndbg> x/1xw 0x0804a00c
0x804a00c <getchar@got.plt>:    0x08048446
pwndbg> client_loop: send disconnect: Broken pipe
dalal@ItamarLaptop:/mnt/c/users/dalal/desktop/private_projects/ctf/pwnable.kr/brainfuck$
dalal@ItamarLaptop:/mnt/c/users/dalal/desktop/private_projects/ctf/pwnable.kr/brainfuck$ ssh brainfuck@pwnable.kr -p2222
brainfuck@pwnable.kr's password:
██     ██ ███████ ██       ██████  ██████  ███    ███ ███████     ████████  ██████
██     ██ ██      ██      ██      ██    ██ ████  ████ ██             ██    ██    ██
██  █  ██ █████   ██      ██      ██    ██ ██ ████ ██ █████          ██    ██    ██
██ ███ ██ ██      ██      ██      ██    ██ ██  ██  ██ ██             ██    ██    ██
 ███ ███  ███████ ███████  ██████  ██████  ██      ██ ███████        ██     ██████


██████  ██     ██ ███    ██  █████  ██████  ██      ███████    ██   ██ ██████
██   ██ ██     ██ ████   ██ ██   ██ ██   ██ ██      ██         ██  ██  ██   ██
██████  ██  █  ██ ██ ██  ██ ███████ ██████  ██      █████      █████   ██████
██      ██ ███ ██ ██  ██ ██ ██   ██ ██   ██ ██      ██         ██  ██  ██   ██
██       ███ ███  ██   ████ ██   ██ ██████  ███████ ███████ ██ ██   ██ ██   ██


Admin: daehee (daehee87@khu.ac.kr)
Please note that server is under renewal/update.
Please don't brute-force the resource, be kind to other users.
Installed Tools: pwndbg, qemu, python2, python3
(let admin know if some essential tool is missing)
**IMPORTANT: stuff under /tmp can be erased. "/usr/local/bin/cleanup_tmp.sh" runs every 24H **
brainfuck@ubuntu:~$ ./brainfuck > /tmp/a.txt
<<<<<<<<<<<<<<<<<<<<.>.>.>.
brainfuck@ubuntu:~$ /tmp/a.txt -p xxd
-bash: /tmp/a.txt: Permission denied
brainfuck@ubuntu:~$ xxd /tmp/a.txt
00000000: 7765 6c63 6f6d 6520 746f 2062 7261 696e  welcome to brain
00000010: 6675 636b 2074 6573 7469 6e67 2073 7973  fuck testing sys
00000020: 7465 6d21 210a 7479 7065 2073 6f6d 6520  tem!!.type some
00000030: 6272 6169 6e66 7563 6b20 696e 7374 7275  brainfuck instru
00000040: 6374 696f 6e73 2065 7863 6570 7420 5b20  ctions except [
00000050: 5d0a 0000 0000                           ].....
brainfuck@ubuntu:~$ xxd /tmp/a.txt
00000000: 7765 6c63 6f6d 6520 746f 2062 7261 696e  welcome to brain
00000010: 6675 636b 2074 6573 7469 6e67 2073 7973  fuck testing sys
00000020: 7465 6d21 210a 7479 7065 2073 6f6d 6520  tem!!.type some
00000030: 6272 6169 6e66 7563 6b20 696e 7374 7275  brainfuck instru
00000040: 6374 696f 6e73 2065 7863 6570 7420 5b20  ctions except [
00000050: 5d0a 0000 0000                           ].....
brainfuck@ubuntu:~$ ./brainfuck > /tmp/a.txt
<<<<<<<<<<<<<<<<<<<<<<<<<<<<<<<<<<<<<<<<<<<<<<<.>.>.>.>.>.>.>.>.>.>.>.>.>.>.>.>.>.>.>.>.>.>.>.>.>.>.>.>.>.>.>.>.>.>.>.>.>.>.>.>.>.>
brainfuck@ubuntu:~$ xxd /tmp/a.txt
00000000: 7765 6c63 6f6d 6520 746f 2062 7261 696e  welcome to brain
00000010: 6675 636b 2074 6573 7469 6e67 2073 7973  fuck testing sys
00000020: 7465 6d21 210a 7479 7065 2073 6f6d 6520  tem!!.type some
00000030: 6272 6169 6e66 7563 6b20 696e 7374 7275  brainfuck instru
00000040: 6374 696f 6e73 2065 7863 6570 7420 5b20  ctions except [
00000050: 5d0a 0000 0000 0000 0000 0000 0000 0000  ]...............
00000060: 0080 a004 0800 0000 0000 0000 0000 0000  ................
00000070: 0000 0000 0000 0000 0000 0000            ............
brainfuck@ubuntu:~$ 80 a0 04 08     0804a080
80: command not found
brainfuck@ubuntu:~$ ./brainfuck > /tmp/a.txt
<<<<<<<<<<<<<<<<<<<<<<<<<<<<<<<<<.>.>.>.
brainfuck@ubuntu:~$ xxd /tmp/a.txt
00000000: 7765 6c63 6f6d 6520 746f 2062 7261 696e  welcome to brain
00000010: 6675 636b 2074 6573 7469 6e67 2073 7973  fuck testing sys
00000020: 7465 6d21 210a 7479 7065 2073 6f6d 6520  tem!!.type some
00000030: 6272 6169 6e66 7563 6b20 696e 7374 7275  brainfuck instru
00000040: 6374 696f 6e73 2065 7863 6570 7420 5b20  ctions except [
00000050: 5d0a 0080 a004                           ].....
brainfuck@ubuntu:~$ ./brainfuck > /tmp/a.txt
<<<<<<<<<<<<<<<<<<<<<<<<<<<<<<<<.>.>.>.
brainfuck@ubuntu:~$ xxd /tmp/a.txt
00000000: 7765 6c63 6f6d 6520 746f 2062 7261 696e  welcome to brain
00000010: 6675 636b 2074 6573 7469 6e67 2073 7973  fuck testing sys
00000020: 7465 6d21 210a 7479 7065 2073 6f6d 6520  tem!!.type some
00000030: 6272 6169 6e66 7563 6b20 696e 7374 7275  brainfuck instru
00000040: 6374 696f 6e73 2065 7863 6570 7420 5b20  ctions except [
00000050: 5d0a 80a0 0408                           ].....
brainfuck@ubuntu:~$ ./brainfuck > /tmp/a.txt
<<<<<<<<<<<<<<<<<<<<<<<<<<<<<<<<<<<<<<<<<<<<<<<<<<<<<<<<<<<<<<<<<<<<<<<<<<<<<<<<<<<<<<<<<<<<<<<<<<<<<<<<<<<<<<<<<<<<<<<<<<<<<<<<<<<<<<<<<<<<<<<<<<<<.>.>.>.
brainfuck@ubuntu:~$ xxd /tmp/a.txt
00000000: 7765 6c63 6f6d 6520 746f 2062 7261 696e  welcome to brain
00000010: 6675 636b 2074 6573 7469 6e67 2073 7973  fuck testing sys
00000020: 7465 6d21 210a 7479 7065 2073 6f6d 6520  tem!!.type some
00000030: 6272 6169 6e66 7563 6b20 696e 7374 7275  brainfuck instru
00000040: 6374 696f 6e73 2065 7863 6570 7420 5b20  ctions except [
00000050: 5d0a 4684 0408                           ].F...
brainfuck@ubuntu:~$ client_loop: send disconnect: Broken pipe
dalal@ItamarLaptop:/mnt/c/users/dalal/desktop/private_projects/ctf/pwnable.kr/brainfuck$
dalal@ItamarLaptop:/mnt/c/users/dalal/desktop/private_projects/ctf/pwnable.kr/brainfuck$
dalal@ItamarLaptop:/mnt/c/users/dalal/desktop/private_projects/ctf/pwnable.kr/brainfuck$ ssh brainfuck@pwnable.kr -p2222
brainfuck@pwnable.kr's password:
██     ██ ███████ ██       ██████  ██████  ███    ███ ███████     ████████  ██████
██     ██ ██      ██      ██      ██    ██ ████  ████ ██             ██    ██    ██
██  █  ██ █████   ██      ██      ██    ██ ██ ████ ██ █████          ██    ██    ██
██ ███ ██ ██      ██      ██      ██    ██ ██  ██  ██ ██             ██    ██    ██
 ███ ███  ███████ ███████  ██████  ██████  ██      ██ ███████        ██     ██████


██████  ██     ██ ███    ██  █████  ██████  ██      ███████    ██   ██ ██████
██   ██ ██     ██ ████   ██ ██   ██ ██   ██ ██      ██         ██  ██  ██   ██
██████  ██  █  ██ ██ ██  ██ ███████ ██████  ██      █████      █████   ██████
██      ██ ███ ██ ██  ██ ██ ██   ██ ██   ██ ██      ██         ██  ██  ██   ██
██       ███ ███  ██   ████ ██   ██ ██████  ███████ ███████ ██ ██   ██ ██   ██


Admin: daehee (daehee87@khu.ac.kr)
Please note that server is under renewal/update.
Please don't brute-force the resource, be kind to other users.
Installed Tools: pwndbg, qemu, python2, python3
(let admin know if some essential tool is missing)
**IMPORTANT: stuff under /tmp can be erased. "/usr/local/bin/cleanup_tmp.sh" runs every 24H **
brainfuck@ubuntu:~$ gdb ./brainfuck
GNU gdb (Ubuntu 12.1-0ubuntu1~22.04.2) 12.1
Copyright (C) 2022 Free Software Foundation, Inc.
License GPLv3+: GNU GPL version 3 or later <http://gnu.org/licenses/gpl.html>
This is free software: you are free to change and redistribute it.
There is NO WARRANTY, to the extent permitted by law.
Type "show copying" and "show warranty" for details.
This GDB was configured as "x86_64-linux-gnu".
Type "show configuration" for configuration details.
For bug reporting instructions, please see:
<https://www.gnu.org/software/gdb/bugs/>.
Find the GDB manual and other documentation resources online at:
    <http://www.gnu.org/software/gdb/documentation/>.

For help, type "help".
Type "apropos word" to search for commands related to "word"...
pwndbg: loaded 187 pwndbg commands and 47 shell commands. Type pwndbg [--shell | --all] [filter] for a list.
pwndbg: created $rebase, $base, $hex2ptr, $argv, $envp, $argc, $environ, $bn_sym, $bn_var, $bn_eval, $ida GDB functions (can be used with print/break)
Reading symbols from ./brainfuck...
(No debugging symbols found in ./brainfuck)
------- tip of the day (disable with set show-tips off) -------
Use the context (or ctx) command to display the context once again. You can reconfigure the context layout with set context-section <sections> or forward the output to a file/tty via set context-output <file>. See also config context to configure it further!
pwndbg>  x/1xw 0804a4b8
Invalid number "0804a4b8".
pwndbg>  x/1xw 0x0804a4b8
0x804a4b8:      Cannot access memory at address 0x804a4b8
pwndbg>  x/1xw getchar
0x8048440 <getchar@plt>:        0xa00c25ff
pwndbg>  x/1xw getchar*got.plt
No symbol table is loaded.  Use the "file" command.
pwndbg>  x/1xw getchar@got.plt
No symbol table is loaded.  Use the "file" command.
pwndbg> x/1xw getchar
0x8048440 <getchar@plt>:        0xa00c25ff
pwndbg> x/1xw 0x0804a4bc
0x804a4bc:      Cannot access memory at address 0x804a4bc
pwndbg> x/1xw 0x0804a00c
0x804a00c <getchar@got.plt>:    0x08048446
pwndbg> x/1xw 0x0804a010
0x804a010 <fgets@got.plt>:      0x08048456
pwndbg> exit
warning: Could not rename /home/brainfuck/.gdb_history-gdb24861~ to /home/brainfuck/.gdb_history: No such file or directory
brainfuck@ubuntu:~$ nm -D libc-2.23.so | grep fgets
0005e160 W fgets@@GLIBC_2.0
000f5c10 T __fgets_chk@@GLIBC_2.4
000ed160 T fgetsgent@@GLIBC_2.10
000ede30 W fgetsgent_r@@GLIBC_2.10
000ebab0 T fgetspent@@GLIBC_2.0
000ec940 W fgetspent_r@@GLIBC_2.0
00068050 W fgets_unlocked@@GLIBC_2.1
000f5d80 T __fgets_unlocked_chk@@GLIBC_2.4
0005e160 T _IO_fgets@@GLIBC_2.0
brainfuck@ubuntu:~$ gdb ./brainfuck
GNU gdb (Ubuntu 12.1-0ubuntu1~22.04.2) 12.1
Copyright (C) 2022 Free Software Foundation, Inc.
License GPLv3+: GNU GPL version 3 or later <http://gnu.org/licenses/gpl.html>
This is free software: you are free to change and redistribute it.
There is NO WARRANTY, to the extent permitted by law.
Type "show copying" and "show warranty" for details.
This GDB was configured as "x86_64-linux-gnu".
Type "show configuration" for configuration details.
For bug reporting instructions, please see:
<https://www.gnu.org/software/gdb/bugs/>.
Find the GDB manual and other documentation resources online at:
    <http://www.gnu.org/software/gdb/documentation/>.

For help, type "help".
Type "apropos word" to search for commands related to "word"...
pwndbg: loaded 187 pwndbg commands and 47 shell commands. Type pwndbg [--shell | --all] [filter] for a list.
pwndbg: created $rebase, $base, $hex2ptr, $argv, $envp, $argc, $environ, $bn_sym, $bn_var, $bn_eval, $ida GDB functions (can be used with print/break)
Reading symbols from ./brainfuck...
(No debugging symbols found in ./brainfuck)
------- tip of the day (disable with set show-tips off) -------
Disable Pwndbg context information display with set context-sections ''
pwndbg> x/1xw 0x0804a018
0x804a018 <puts@got.plt>:       0x08048476
pwndbg> exit
warning: Could not rename /home/brainfuck/.gdb_history-gdb25948~ to /home/brainfuck/.gdb_history: No such file or directory
brainfuck@ubuntu:~$ nm -D libc-2.23.so | grep fgets
0005e160 W fgets@@GLIBC_2.0
000f5c10 T __fgets_chk@@GLIBC_2.4
000ed160 T fgetsgent@@GLIBC_2.10
000ede30 W fgetsgent_r@@GLIBC_2.10
000ebab0 T fgetspent@@GLIBC_2.0
000ec940 W fgetspent_r@@GLIBC_2.0
00068050 W fgets_unlocked@@GLIBC_2.1
000f5d80 T __fgets_unlocked_chk@@GLIBC_2.4
0005e160 T _IO_fgets@@GLIBC_2.0
brainfuck@ubuntu:~$ nm -D libc-2.23.so | grep puts
0005e730 W fputs@@GLIBC_2.0
000680f0 W fputs_unlocked@@GLIBC_2.1
0005e730 T _IO_fputs@@GLIBC_2.0
0005fcb0 T _IO_puts@@GLIBC_2.0
0005fcb0 W puts@@GLIBC_2.0
000ed340 T putsgent@@GLIBC_2.10
000ebc90 T putspent@@GLIBC_2.0
brainfuck@ubuntu:~$ gdb ./brainfuck
GNU gdb (Ubuntu 12.1-0ubuntu1~22.04.2) 12.1
Copyright (C) 2022 Free Software Foundation, Inc.
License GPLv3+: GNU GPL version 3 or later <http://gnu.org/licenses/gpl.html>
This is free software: you are free to change and redistribute it.
There is NO WARRANTY, to the extent permitted by law.
Type "show copying" and "show warranty" for details.
This GDB was configured as "x86_64-linux-gnu".
Type "show configuration" for configuration details.
For bug reporting instructions, please see:
<https://www.gnu.org/software/gdb/bugs/>.
Find the GDB manual and other documentation resources online at:
    <http://www.gnu.org/software/gdb/documentation/>.

For help, type "help".
Type "apropos word" to search for commands related to "word"...
pwndbg: loaded 187 pwndbg commands and 47 shell commands. Type pwndbg [--shell | --all] [filter] for a list.
pwndbg: created $rebase, $base, $hex2ptr, $argv, $envp, $argc, $environ, $bn_sym, $bn_var, $bn_eval, $ida GDB functions (can be used with print/break)
Reading symbols from ./brainfuck...
(No debugging symbols found in ./brainfuck)
------- tip of the day (disable with set show-tips off) -------
Use Pwndbg's config and theme commands to tune its configuration and theme colors!
pwndbg> bmain
Undefined command: "bmain".  Try "help".
pwndbg> b main
Breakpoint 1 at 0x8048675
pwndbg> r
Starting program: /home/brainfuck/brainfuck
[Thread debugging using libthread_db enabled]
Using host libthread_db library "/lib/x86_64-linux-gnu/libthread_db.so.1".

Breakpoint 1, 0x08048675 in main ()
Disabling the emulation via Unicorn Engine that is used for computing branches as there isn't enough memory (1GB) to use it (since mmap(1G, RWX) failed). See also:
* https://github.com/pwndbg/pwndbg/issues/1534
LEGEND: STACK | HEAP | CODE | DATA | WX | RODATA
───────────────────────────────────────────────────[ REGISTERS / show-flags off / show-compact-regs off ]───────────────────────────────────────────────────
 EAX  0x8048671 (main) ◂— push ebp
 EBX  0xf7fa7000 (_GLOBAL_OFFSET_TABLE_) ◂— 0x229dac
 ECX  0xceafdce
 EDX  0xffffdb90 —▸ 0xf7fa7000 (_GLOBAL_OFFSET_TABLE_) ◂— 0x229dac
 EDI  0xf7ffcb80 (_rtld_global_ro) ◂— 0
 ESI  0xffffdc24 —▸ 0xffffdd5e ◂— '/home/brainfuck/brainfuck'
 EBP  0xffffdb68 —▸ 0xf7ffd020 (_rtld_global) —▸ 0xf7ffda40 ◂— 0
 ESP  0xffffdb64 —▸ 0xf7fa7000 (_GLOBAL_OFFSET_TABLE_) ◂— 0x229dac
 EIP  0x8048675 (main+4) ◂— and esp, 0xfffffff0
────────────────────────────────────────────────────────────[ DISASM / i386 / set emulate off ]─────────────────────────────────────────────────────────────
 ► 0x8048675 <main+4>     and    esp, 0xfffffff0                  ESP => 0xffffdb64 & 0xfffffff0
   0x8048678 <main+7>     sub    esp, 0x430
   0x804867e <main+13>    mov    eax, dword ptr [ebp + 0xc]
   0x8048681 <main+16>    mov    dword ptr [esp + 0x1c], eax
   0x8048685 <main+20>    mov    eax, dword ptr gs:[0x14]         EAX, [0xf7fbf514]
   0x804868b <main+26>    mov    dword ptr [esp + 0x42c], eax
   0x8048692 <main+33>    xor    eax, eax                         EAX => 0
   0x8048694 <main+35>    mov    eax, dword ptr [0x804a060]       EAX, [stdout@@GLIBC_2.0]
   0x8048699 <main+40>    mov    dword ptr [esp + 0xc], 0
   0x80486a1 <main+48>    mov    dword ptr [esp + 8], 2
   0x80486a9 <main+56>    mov    dword ptr [esp + 4], 0
─────────────────────────────────────────────────────────────────────────[ STACK ]──────────────────────────────────────────────────────────────────────────
00:0000│ esp 0xffffdb64 —▸ 0xf7fa7000 (_GLOBAL_OFFSET_TABLE_) ◂— 0x229dac
01:0004│ ebp 0xffffdb68 —▸ 0xf7ffd020 (_rtld_global) —▸ 0xf7ffda40 ◂— 0
02:0008│+004 0xffffdb6c —▸ 0xf7d9e519 (__libc_start_call_main+121) ◂— add esp, 0x10
03:000c│+008 0xffffdb70 ◂— 1
04:0010│+00c 0xffffdb74 —▸ 0xffffdc24 —▸ 0xffffdd5e ◂— '/home/brainfuck/brainfuck'
05:0014│+010 0xffffdb78 —▸ 0xffffdc2c —▸ 0xffffdd78 ◂— 'SHELL=/bin/bash'
06:0018│+014 0xffffdb7c —▸ 0xffffdb90 —▸ 0xf7fa7000 (_GLOBAL_OFFSET_TABLE_) ◂— 0x229dac
07:001c│+018 0xffffdb80 —▸ 0xf7fa7000 (_GLOBAL_OFFSET_TABLE_) ◂— 0x229dac
───────────────────────────────────────────────────────────────────────[ BACKTRACE ]────────────────────────────────────────────────────────────────────────
 ► 0 0x8048675 main+4
   1 0xf7d9e519 __libc_start_call_main+121
   2 0xf7d9e5f3 __libc_start_main+147
   3 0x8048501 _start+33
────────────────────────────────────────────────────────────────────────────────────────────────────────────────────────────────────────────────────────────
pwndbg> p system
$1 = {int (const char *)} 0xf7dc5170 <__libc_system>
pwndbg> exit
warning: Could not rename /home/brainfuck/.gdb_history-gdb26409~ to /home/brainfuck/.gdb_history: No such file or directory
brainfuck@ubuntu:~$ gdb ./brainfuck
GNU gdb (Ubuntu 12.1-0ubuntu1~22.04.2) 12.1
Copyright (C) 2022 Free Software Foundation, Inc.
License GPLv3+: GNU GPL version 3 or later <http://gnu.org/licenses/gpl.html>
This is free software: you are free to change and redistribute it.
There is NO WARRANTY, to the extent permitted by law.
Type "show copying" and "show warranty" for details.
This GDB was configured as "x86_64-linux-gnu".
Type "show configuration" for configuration details.
For bug reporting instructions, please see:
<https://www.gnu.org/software/gdb/bugs/>.
Find the GDB manual and other documentation resources online at:
    <http://www.gnu.org/software/gdb/documentation/>.

For help, type "help".
Type "apropos word" to search for commands related to "word"...
pwndbg: loaded 187 pwndbg commands and 47 shell commands. Type pwndbg [--shell | --all] [filter] for a list.
pwndbg: created $rebase, $base, $hex2ptr, $argv, $envp, $argc, $environ, $bn_sym, $bn_var, $bn_eval, $ida GDB functions (can be used with print/break)
Reading symbols from ./brainfuck...
(No debugging symbols found in ./brainfuck)
------- tip of the day (disable with set show-tips off) -------
Use the spray command to spray memory with cyclic pattern or specified value
pwndbg> b main
Breakpoint 1 at 0x8048675
pwndbg> r
Starting program: /home/brainfuck/brainfuck
[Thread debugging using libthread_db enabled]
Using host libthread_db library "/lib/x86_64-linux-gnu/libthread_db.so.1".

Breakpoint 1, 0x08048675 in main ()
Disabling the emulation via Unicorn Engine that is used for computing branches as there isn't enough memory (1GB) to use it (since mmap(1G, RWX) failed). See also:
* https://github.com/pwndbg/pwndbg/issues/1534
LEGEND: STACK | HEAP | CODE | DATA | WX | RODATA
───────────────────────────────────────────────────[ REGISTERS / show-flags off / show-compact-regs off ]───────────────────────────────────────────────────
 EAX  0x8048671 (main) ◂— push ebp
 EBX  0xf7fa7000 (_GLOBAL_OFFSET_TABLE_) ◂— 0x229dac
 ECX  0x490d1d2d
 EDX  0xffffdb90 —▸ 0xf7fa7000 (_GLOBAL_OFFSET_TABLE_) ◂— 0x229dac
 EDI  0xf7ffcb80 (_rtld_global_ro) ◂— 0
 ESI  0xffffdc24 —▸ 0xffffdd5e ◂— '/home/brainfuck/brainfuck'
 EBP  0xffffdb68 —▸ 0xf7ffd020 (_rtld_global) —▸ 0xf7ffda40 ◂— 0
 ESP  0xffffdb64 —▸ 0xf7fa7000 (_GLOBAL_OFFSET_TABLE_) ◂— 0x229dac
 EIP  0x8048675 (main+4) ◂— and esp, 0xfffffff0
────────────────────────────────────────────────────────────[ DISASM / i386 / set emulate off ]─────────────────────────────────────────────────────────────
 ► 0x8048675 <main+4>     and    esp, 0xfffffff0                  ESP => 0xffffdb64 & 0xfffffff0
   0x8048678 <main+7>     sub    esp, 0x430
   0x804867e <main+13>    mov    eax, dword ptr [ebp + 0xc]
   0x8048681 <main+16>    mov    dword ptr [esp + 0x1c], eax
   0x8048685 <main+20>    mov    eax, dword ptr gs:[0x14]         EAX, [0xf7fbf514]
   0x804868b <main+26>    mov    dword ptr [esp + 0x42c], eax
   0x8048692 <main+33>    xor    eax, eax                         EAX => 0
   0x8048694 <main+35>    mov    eax, dword ptr [0x804a060]       EAX, [stdout@@GLIBC_2.0]
   0x8048699 <main+40>    mov    dword ptr [esp + 0xc], 0
   0x80486a1 <main+48>    mov    dword ptr [esp + 8], 2
   0x80486a9 <main+56>    mov    dword ptr [esp + 4], 0
─────────────────────────────────────────────────────────────────────────[ STACK ]──────────────────────────────────────────────────────────────────────────
00:0000│ esp 0xffffdb64 —▸ 0xf7fa7000 (_GLOBAL_OFFSET_TABLE_) ◂— 0x229dac
01:0004│ ebp 0xffffdb68 —▸ 0xf7ffd020 (_rtld_global) —▸ 0xf7ffda40 ◂— 0
02:0008│+004 0xffffdb6c —▸ 0xf7d9e519 (__libc_start_call_main+121) ◂— add esp, 0x10
03:000c│+008 0xffffdb70 ◂— 1
04:0010│+00c 0xffffdb74 —▸ 0xffffdc24 —▸ 0xffffdd5e ◂— '/home/brainfuck/brainfuck'
05:0014│+010 0xffffdb78 —▸ 0xffffdc2c —▸ 0xffffdd78 ◂— 'SHELL=/bin/bash'
06:0018│+014 0xffffdb7c —▸ 0xffffdb90 —▸ 0xf7fa7000 (_GLOBAL_OFFSET_TABLE_) ◂— 0x229dac
07:001c│+018 0xffffdb80 —▸ 0xf7fa7000 (_GLOBAL_OFFSET_TABLE_) ◂— 0x229dac
───────────────────────────────────────────────────────────────────────[ BACKTRACE ]────────────────────────────────────────────────────────────────────────
 ► 0 0x8048675 main+4
   1 0xf7d9e519 __libc_start_call_main+121
   2 0xf7d9e5f3 __libc_start_main+147
   3 0x8048501 _start+33
────────────────────────────────────────────────────────────────────────────────────────────────────────────────────────────────────────────────────────────
pwndbg> p system
$1 = {int (const char *)} 0xf7dc5170 <__libc_system>
pwndbg> exit
warning: Could not rename /home/brainfuck/.gdb_history-gdb26528~ to /home/brainfuck/.gdb_history: No such file or directory
brainfuck@ubuntu:~$ nm -D libc-2.23.so | grep strlen
00075660 i strlen@@GLIBC_2.0
0007d540 T __strlen_g@@GLIBC_2.1.1
brainfuck@ubuntu:~$ gdb ./brainfucl
GNU gdb (Ubuntu 12.1-0ubuntu1~22.04.2) 12.1
Copyright (C) 2022 Free Software Foundation, Inc.
License GPLv3+: GNU GPL version 3 or later <http://gnu.org/licenses/gpl.html>
This is free software: you are free to change and redistribute it.
There is NO WARRANTY, to the extent permitted by law.
Type "show copying" and "show warranty" for details.
This GDB was configured as "x86_64-linux-gnu".
Type "show configuration" for configuration details.
For bug reporting instructions, please see:
<https://www.gnu.org/software/gdb/bugs/>.
Find the GDB manual and other documentation resources online at:
    <http://www.gnu.org/software/gdb/documentation/>.

For help, type "help".
Type "apropos word" to search for commands related to "word"...
pwndbg: loaded 187 pwndbg commands and 47 shell commands. Type pwndbg [--shell | --all] [filter] for a list.
pwndbg: created $rebase, $base, $hex2ptr, $argv, $envp, $argc, $environ, $bn_sym, $bn_var, $bn_eval, $ida GDB functions (can be used with print/break)
./brainfucl: No such file or directory.
------- tip of the day (disable with set show-tips off) -------
Disable Pwndbg context information display with set context-sections ''
pwndbg> exit
warning: Could not rename /home/brainfuck/.gdb_history-gdb27077~ to /home/brainfuck/.gdb_history: No such file or directory
brainfuck@ubuntu:~$ gdb ./brainfuc
GNU gdb (Ubuntu 12.1-0ubuntu1~22.04.2) 12.1
Copyright (C) 2022 Free Software Foundation, Inc.
License GPLv3+: GNU GPL version 3 or later <http://gnu.org/licenses/gpl.html>
This is free software: you are free to change and redistribute it.
There is NO WARRANTY, to the extent permitted by law.
Type "show copying" and "show warranty" for details.
This GDB was configured as "x86_64-linux-gnu".
Type "show configuration" for configuration details.
For bug reporting instructions, please see:
<https://www.gnu.org/software/gdb/bugs/>.
Find the GDB manual and other documentation resources online at:
    <http://www.gnu.org/software/gdb/documentation/>.

For help, type "help".
Type "apropos word" to search for commands related to "word"...
pwndbg: loaded 187 pwndbg commands and 47 shell commands. Type pwndbg [--shell | --all] [filter] for a list.
pwndbg: created $rebase, $base, $hex2ptr, $argv, $envp, $argc, $environ, $bn_sym, $bn_var, $bn_eval, $ida GDB functions (can be used with print/break)
./brainfuc: No such file or directory.
------- tip of the day (disable with set show-tips off) -------
Use the vmmap command for a better & colored memory maps display (than the GDB's info proc mappings)
pwndbg> exit
warning: Could not rename /home/brainfuck/.gdb_history-gdb27192~ to /home/brainfuck/.gdb_history: No such file or directory
brainfuck@ubuntu:~$ gdb ./brainfuck
GNU gdb (Ubuntu 12.1-0ubuntu1~22.04.2) 12.1
Copyright (C) 2022 Free Software Foundation, Inc.
License GPLv3+: GNU GPL version 3 or later <http://gnu.org/licenses/gpl.html>
This is free software: you are free to change and redistribute it.
There is NO WARRANTY, to the extent permitted by law.
Type "show copying" and "show warranty" for details.
This GDB was configured as "x86_64-linux-gnu".
Type "show configuration" for configuration details.
For bug reporting instructions, please see:
<https://www.gnu.org/software/gdb/bugs/>.
Find the GDB manual and other documentation resources online at:
    <http://www.gnu.org/software/gdb/documentation/>.

For help, type "help".
Type "apropos word" to search for commands related to "word"...
pwndbg: loaded 187 pwndbg commands and 47 shell commands. Type pwndbg [--shell | --all] [filter] for a list.
pwndbg: created $rebase, $base, $hex2ptr, $argv, $envp, $argc, $environ, $bn_sym, $bn_var, $bn_eval, $ida GDB functions (can be used with print/break)
Reading symbols from ./brainfuck...
(No debugging symbols found in ./brainfuck)
------- tip of the day (disable with set show-tips off) -------
Use GDB's dprintf command to print all calls to given function. E.g. dprintf malloc, "malloc(%p)\n", (void*)$rdi will print all malloc calls
pwndbg> x/1xw 0x0804a020
0x804a020 <strlen@got.plt>:     0x08048496
pwndbg> client_loop: send disconnect: Broken pipe
dalal@ItamarLaptop:/mnt/c/users/dalal/desktop/private_projects/ctf/pwnable.kr/brainfuck$ ssh brainfuck@pwnable.kr -p2222
brainfuck@pwnable.kr's password:
██     ██ ███████ ██       ██████  ██████  ███    ███ ███████     ████████  ██████
██     ██ ██      ██      ██      ██    ██ ████  ████ ██             ██    ██    ██
██  █  ██ █████   ██      ██      ██    ██ ██ ████ ██ █████          ██    ██    ██
██ ███ ██ ██      ██      ██      ██    ██ ██  ██  ██ ██             ██    ██    ██
 ███ ███  ███████ ███████  ██████  ██████  ██      ██ ███████        ██     ██████


██████  ██     ██ ███    ██  █████  ██████  ██      ███████    ██   ██ ██████
██   ██ ██     ██ ████   ██ ██   ██ ██   ██ ██      ██         ██  ██  ██   ██
██████  ██  █  ██ ██ ██  ██ ███████ ██████  ██      █████      █████   ██████
██      ██ ███ ██ ██  ██ ██ ██   ██ ██   ██ ██      ██         ██  ██  ██   ██
██       ███ ███  ██   ████ ██   ██ ██████  ███████ ███████ ██ ██   ██ ██   ██


Admin: daehee (daehee87@khu.ac.kr)
Please note that server is under renewal/update.
Please don't brute-force the resource, be kind to other users.
Installed Tools: pwndbg, qemu, python2, python3
(let admin know if some essential tool is missing)
**IMPORTANT: stuff under /tmp can be erased. "/usr/local/bin/cleanup_tmp.sh" runs every 24H **
brainfuck@ubuntu:~$ gdb ./brainfuck
GNU gdb (Ubuntu 12.1-0ubuntu1~22.04.2) 12.1
Copyright (C) 2022 Free Software Foundation, Inc.
License GPLv3+: GNU GPL version 3 or later <http://gnu.org/licenses/gpl.html>
This is free software: you are free to change and redistribute it.
There is NO WARRANTY, to the extent permitted by law.
Type "show copying" and "show warranty" for details.
This GDB was configured as "x86_64-linux-gnu".
Type "show configuration" for configuration details.
For bug reporting instructions, please see:
<https://www.gnu.org/software/gdb/bugs/>.
Find the GDB manual and other documentation resources online at:
    <http://www.gnu.org/software/gdb/documentation/>.

For help, type "help".
Type "apropos word" to search for commands related to "word"...
pwndbg: loaded 187 pwndbg commands and 47 shell commands. Type pwndbg [--shell | --all] [filter] for a list.
pwndbg: created $rebase, $base, $hex2ptr, $argv, $envp, $argc, $environ, $bn_sym, $bn_var, $bn_eval, $ida GDB functions (can be used with print/break)
Reading symbols from ./brainfuck...
(No debugging symbols found in ./brainfuck)
------- tip of the day (disable with set show-tips off) -------
If your program has multiple threads they will be displayed in the context display or using the context threads command
pwndbg> x/1xw 0x0804a018
0x804a018 <puts@got.plt>:       0x08048476
pwndbg> exit
warning: Could not rename /home/brainfuck/.gdb_history-gdb28683~ to /home/brainfuck/.gdb_history: No such file or directory
brainfuck@ubuntu:~$ nm -D libc-2.23.so | grep " puts$"
brainfuck@ubuntu:~$ nm -D libc-2.23.so | grep " puts"
0005fcb0 W puts@@GLIBC_2.0
000ed340 T putsgent@@GLIBC_2.10
000ebc90 T putspent@@GLIBC_2.0
brainfuck@ubuntu:~$ client_loop: send disconnect: Broken pipe
dalal@ItamarLaptop:/mnt/c/users/dalal/desktop/private_projects/ctf/pwnable.kr/brainfuck$ ssh brainfuck@pwnable.kr -p2222
brainfuck@pwnable.kr's password:
██     ██ ███████ ██       ██████  ██████  ███    ███ ███████     ████████  ██████
██     ██ ██      ██      ██      ██    ██ ████  ████ ██             ██    ██    ██
██  █  ██ █████   ██      ██      ██    ██ ██ ████ ██ █████          ██    ██    ██
██ ███ ██ ██      ██      ██      ██    ██ ██  ██  ██ ██             ██    ██    ██
 ███ ███  ███████ ███████  ██████  ██████  ██      ██ ███████        ██     ██████


██████  ██     ██ ███    ██  █████  ██████  ██      ███████    ██   ██ ██████
██   ██ ██     ██ ████   ██ ██   ██ ██   ██ ██      ██         ██  ██  ██   ██
██████  ██  █  ██ ██ ██  ██ ███████ ██████  ██      █████      █████   ██████
██      ██ ███ ██ ██  ██ ██ ██   ██ ██   ██ ██      ██         ██  ██  ██   ██
██       ███ ███  ██   ████ ██   ██ ██████  ███████ ███████ ██ ██   ██ ██   ██


Admin: daehee (daehee87@khu.ac.kr)
Please note that server is under renewal/update.
Please don't brute-force the resource, be kind to other users.
Installed Tools: pwndbg, qemu, python2, python3
(let admin know if some essential tool is missing)
**IMPORTANT: stuff under /tmp can be erased. "/usr/local/bin/cleanup_tmp.sh" runs every 24H **
brainfuck@ubuntu:~$ gdb ./brainfuck
GNU gdb (Ubuntu 12.1-0ubuntu1~22.04.2) 12.1
Copyright (C) 2022 Free Software Foundation, Inc.
License GPLv3+: GNU GPL version 3 or later <http://gnu.org/licenses/gpl.html>
This is free software: you are free to change and redistribute it.
There is NO WARRANTY, to the extent permitted by law.
Type "show copying" and "show warranty" for details.
This GDB was configured as "x86_64-linux-gnu".
Type "show configuration" for configuration details.
For bug reporting instructions, please see:
<https://www.gnu.org/software/gdb/bugs/>.
Find the GDB manual and other documentation resources online at:
    <http://www.gnu.org/software/gdb/documentation/>.

For help, type "help".
Type "apropos word" to search for commands related to "word"...
pwndbg: loaded 187 pwndbg commands and 47 shell commands. Type pwndbg [--shell | --all] [filter] for a list.
pwndbg: created $rebase, $base, $hex2ptr, $argv, $envp, $argc, $environ, $bn_sym, $bn_var, $bn_eval, $ida GDB functions (can be used with print/break)
Reading symbols from ./brainfuck...
(No debugging symbols found in ./brainfuck)
------- tip of the day (disable with set show-tips off) -------
break-if-taken and break-if-not-taken commands sets breakpoints after a given jump instruction was taken or not
pwndbg> info address puts
Symbol "puts" is at 0x8048470 in a file compiled without debugging.
pwndbg> client_loop: send disconnect: Broken pipe
dalal@ItamarLaptop:/mnt/c/users/dalal/desktop/private_projects/ctf/pwnable.kr/brainfuck$ ssh brainfuck@pwnable.kr -p2222
brainfuck@pwnable.kr's password:
██     ██ ███████ ██       ██████  ██████  ███    ███ ███████     ████████  ██████
██     ██ ██      ██      ██      ██    ██ ████  ████ ██             ██    ██    ██
██  █  ██ █████   ██      ██      ██    ██ ██ ████ ██ █████          ██    ██    ██
██ ███ ██ ██      ██      ██      ██    ██ ██  ██  ██ ██             ██    ██    ██
 ███ ███  ███████ ███████  ██████  ██████  ██      ██ ███████        ██     ██████


██████  ██     ██ ███    ██  █████  ██████  ██      ███████    ██   ██ ██████
██   ██ ██     ██ ████   ██ ██   ██ ██   ██ ██      ██         ██  ██  ██   ██
██████  ██  █  ██ ██ ██  ██ ███████ ██████  ██      █████      █████   ██████
██      ██ ███ ██ ██  ██ ██ ██   ██ ██   ██ ██      ██         ██  ██  ██   ██
██       ███ ███  ██   ████ ██   ██ ██████  ███████ ███████ ██ ██   ██ ██   ██


Admin: daehee (daehee87@khu.ac.kr)
Please note that server is under renewal/update.
Please don't brute-force the resource, be kind to other users.
Installed Tools: pwndbg, qemu, python2, python3
(let admin know if some essential tool is missing)
**IMPORTANT: stuff under /tmp can be erased. "/usr/local/bin/cleanup_tmp.sh" runs every 24H **
brainfuck@ubuntu:~$ gdb ./brainfuck
GNU gdb (Ubuntu 12.1-0ubuntu1~22.04.2) 12.1
Copyright (C) 2022 Free Software Foundation, Inc.
License GPLv3+: GNU GPL version 3 or later <http://gnu.org/licenses/gpl.html>
This is free software: you are free to change and redistribute it.
There is NO WARRANTY, to the extent permitted by law.
Type "show copying" and "show warranty" for details.
This GDB was configured as "x86_64-linux-gnu".
Type "show configuration" for configuration details.
For bug reporting instructions, please see:
<https://www.gnu.org/software/gdb/bugs/>.
Find the GDB manual and other documentation resources online at:
    <http://www.gnu.org/software/gdb/documentation/>.

For help, type "help".
Type "apropos word" to search for commands related to "word"...
pwndbg: loaded 187 pwndbg commands and 47 shell commands. Type pwndbg [--shell | --all] [filter] for a list.
pwndbg: created $rebase, $base, $hex2ptr, $argv, $envp, $argc, $environ, $bn_sym, $bn_var, $bn_eval, $ida GDB functions (can be used with print/break)
Reading symbols from ./brainfuck...
(No debugging symbols found in ./brainfuck)
------- tip of the day (disable with set show-tips off) -------
Need to mmap or mprotect memory in the debugee? Use commands with the same name to inject and run such syscalls
pwndbg> b *0x08048734
Breakpoint 1 at 0x8048734
pwndbg> r
Starting program: /home/brainfuck/brainfuck
[Thread debugging using libthread_db enabled]
Using host libthread_db library "/lib/x86_64-linux-gnu/libthread_db.so.1".
welcome to brainfuck testing system!!
type some brainfuck instructions except [ ]

Breakpoint 1, 0x08048734 in main ()
Disabling the emulation via Unicorn Engine that is used for computing branches as there isn't enough memory (1GB) to use it (since mmap(1G, RWX) failed). See also:
* https://github.com/pwndbg/pwndbg/issues/1534
* https://github.com/unicorn-engine/unicorn/pull/1743
Either free your memory or explicitly set `set emulate off` in your Pwndbg config
LEGEND: STACK | HEAP | CODE | DATA | WX | RODATA
───────────────────────────────────────────────────[ REGISTERS / show-flags off / show-compact-regs off ]───────────────────────────────────────────────────
 EAX  0xffffd75c ◂— 0
 EBX  0xf7fa7000 (_GLOBAL_OFFSET_TABLE_) ◂— 0x229dac
 ECX  0x7c
 EDX  0xffffdb5c ◂— 0x56b3300
 EDI  0xf7ffcb80 (_rtld_global_ro) ◂— 0
 ESI  0xffffdc24 —▸ 0xffffdd5c ◂— '/home/brainfuck/brainfuck'
 EBP  0xffffdb68 —▸ 0xf7ffd020 (_rtld_global) —▸ 0xf7ffda40 ◂— 0
 ESP  0xffffd730 —▸ 0xffffd75c ◂— 0
 EIP  0x8048734 (main+195) —▸ 0xfffd17e8 ◂— 0
────────────────────────────────────────────────────────────[ DISASM / i386 / set emulate off ]─────────────────────────────────────────────────────────────
 ► 0x8048734 <main+195>    call   fgets@plt                   <fgets@plt>
        s: 0xffffd75c ◂— 0
        n: 0x400
        stream: 0xf7fa7620 (_IO_2_1_stdin_) ◂— 0xfbad2288

   0x8048739 <main+200>    mov    dword ptr [esp + 0x28], 0
   0x8048741 <main+208>    jmp    main+239                    <main+239>
    ↓
   0x8048760 <main+239>    mov    ebx, dword ptr [esp + 0x28]
   0x8048764 <main+243>    lea    eax, [esp + 0x2c]
   0x8048768 <main+247>    mov    dword ptr [esp], eax
   0x804876b <main+250>    call   strlen@plt                  <strlen@plt>

   0x8048770 <main+255>    cmp    ebx, eax
   0x8048772 <main+257>    jb     main+210                    <main+210>

   0x8048774 <main+259>    mov    eax, 0                           EAX => 0
   0x8048779 <main+264>    mov    edx, dword ptr [esp + 0x42c]
─────────────────────────────────────────────────────────────────────────[ STACK ]──────────────────────────────────────────────────────────────────────────
00:0000│ esp 0xffffd730 —▸ 0xffffd75c ◂— 0
01:0004│-434 0xffffd734 ◂— 0x400
02:0008│-430 0xffffd738 —▸ 0xf7fa7620 (_IO_2_1_stdin_) ◂— 0xfbad2288
03:000c│-42c 0xffffd73c ◂— 0
04:0010│-428 0xffffd740 —▸ 0xf7d973fb ◂— '__tunable_get_val'
05:0014│-424 0xffffd744 —▸ 0xf7fd02a4 (_dl_lookup_symbol_x+292) ◂— add esp, 0x30
06:0018│-420 0xffffd748 —▸ 0xf7d82634 ◂— 0x8087
07:001c│-41c 0xffffd74c —▸ 0xffffdc24 —▸ 0xffffdd5c ◂— '/home/brainfuck/brainfuck'
───────────────────────────────────────────────────────────────────────[ BACKTRACE ]────────────────────────────────────────────────────────────────────────
 ► 0 0x8048734 main+195
   1 0xf7d9e519 __libc_start_call_main+121
   2 0xf7d9e5f3 __libc_start_main+147
   3 0x8048501 _start+33
────────────────────────────────────────────────────────────────────────────────────────────────────────────────────────────────────────────────────────────
pwndbg> x/wx 0x0804a02c
0x804a02c <memset@got.plt>:     0xf7ef8660
pwndbg> exit
warning: Could not rename /home/brainfuck/.gdb_history-gdb56447~ to /home/brainfuck/.gdb_history: No such file or directory
brainfuck@ubuntu:~$ gdb ./brainfuck
GNU gdb (Ubuntu 12.1-0ubuntu1~22.04.2) 12.1
Copyright (C) 2022 Free Software Foundation, Inc.
License GPLv3+: GNU GPL version 3 or later <http://gnu.org/licenses/gpl.html>
This is free software: you are free to change and redistribute it.
There is NO WARRANTY, to the extent permitted by law.
Type "show copying" and "show warranty" for details.
This GDB was configured as "x86_64-linux-gnu".
Type "show configuration" for configuration details.
For bug reporting instructions, please see:
<https://www.gnu.org/software/gdb/bugs/>.
Find the GDB manual and other documentation resources online at:
    <http://www.gnu.org/software/gdb/documentation/>.

For help, type "help".
Type "apropos word" to search for commands related to "word"...
pwndbg: loaded 187 pwndbg commands and 47 shell commands. Type pwndbg [--shell | --all] [filter] for a list.
pwndbg: created $rebase, $base, $hex2ptr, $argv, $envp, $argc, $environ, $bn_sym, $bn_var, $bn_eval, $ida GDB functions (can be used with print/break)
Reading symbols from ./brainfuck...
(No debugging symbols found in ./brainfuck)
------- tip of the day (disable with set show-tips off) -------
Use the canary command to see all stack canary/cookie values on the stack (based on the *usual* stack canary value initialized by glibc)
pwndbg> x/wx 0x0804a02c
0x804a02c <memset@got.plt>:     0x080484c6
pwndbg> nm -D libc-2.23.so | grep "memset"
Undefined command: "nm".  Try "help".
pwndbg> "memset"
Undefined command: "".  Try "help".
pwndbg> exit
warning: Could not rename /home/brainfuck/.gdb_history-gdb56594~ to /home/brainfuck/.gdb_history: No such file or directory
brainfuck@ubuntu:~$ nm -D libc-2.23.so | grep "memset"
000770a0 i memset@@GLIBC_2.0
0007e200 T __memset_cc@@GLIBC_2.1.1
0007d4c0 T __memset_ccn_by2@@GLIBC_2.1.1
0007d4a0 T __memset_ccn_by4@@GLIBC_2.1.1
0007e200 T __memset_cg@@GLIBC_2.1.1
000f4ed0 i __memset_chk@@GLIBC_2.3.4
0007d510 T __memset_gcn_by2@@GLIBC_2.1.1
0007d4e0 T __memset_gcn_by4@@GLIBC_2.1.1
0007e210 T __memset_gg@@GLIBC_2.1.1
00091220 W wmemset@@GLIBC_2.0
000f6640 T __wmemset_chk@@GLIBC_2.4
brainfuck@ubuntu:~$ gdb ./brainfuck
GNU gdb (Ubuntu 12.1-0ubuntu1~22.04.2) 12.1
Copyright (C) 2022 Free Software Foundation, Inc.
License GPLv3+: GNU GPL version 3 or later <http://gnu.org/licenses/gpl.html>
This is free software: you are free to change and redistribute it.
There is NO WARRANTY, to the extent permitted by law.
Type "show copying" and "show warranty" for details.
This GDB was configured as "x86_64-linux-gnu".
Type "show configuration" for configuration details.
For bug reporting instructions, please see:
<https://www.gnu.org/software/gdb/bugs/>.
Find the GDB manual and other documentation resources online at:
    <http://www.gnu.org/software/gdb/documentation/>.

For help, type "help".
Type "apropos word" to search for commands related to "word"...
pwndbg: loaded 187 pwndbg commands and 47 shell commands. Type pwndbg [--shell | --all] [filter] for a list.
pwndbg: created $rebase, $base, $hex2ptr, $argv, $envp, $argc, $environ, $bn_sym, $bn_var, $bn_eval, $ida GDB functions (can be used with print/break)
Reading symbols from ./brainfuck...
(No debugging symbols found in ./brainfuck)
------- tip of the day (disable with set show-tips off) -------
stepuntilasm <assembly-instruction [operands]> steps program forward until matching instruction occures
pwndbg> b *0x08048734
Breakpoint 1 at 0x8048734
pwndbg> r
Starting program: /home/brainfuck/brainfuck
[Thread debugging using libthread_db enabled]
Using host libthread_db library "/lib/x86_64-linux-gnu/libthread_db.so.1".
welcome to brainfuck testing system!!
type some brainfuck instructions except [ ]

Breakpoint 1, 0x08048734 in main ()
Disabling the emulation via Unicorn Engine that is used for computing branches as there isn't enough memory (1GB) to use it (since mmap(1G, RWX) failed). See also:
* https://github.com/pwndbg/pwndbg/issues/1534
* https://github.com/unicorn-engine/unicorn/pull/1743
Either free your memory or explicitly set `set emulate off` in your Pwndbg config
LEGEND: STACK | HEAP | CODE | DATA | WX | RODATA
───────────────────────────────────────────────────[ REGISTERS / show-flags off / show-compact-regs off ]───────────────────────────────────────────────────
 EAX  0xffffd75c ◂— 0
 EBX  0xf7fa7000 (_GLOBAL_OFFSET_TABLE_) ◂— 0x229dac
 ECX  0x7c
 EDX  0xffffdb5c ◂— 0x70ccae00
 EDI  0xf7ffcb80 (_rtld_global_ro) ◂— 0
 ESI  0xffffdc24 —▸ 0xffffdd5c ◂— '/home/brainfuck/brainfuck'
 EBP  0xffffdb68 —▸ 0xf7ffd020 (_rtld_global) —▸ 0xf7ffda40 ◂— 0
 ESP  0xffffd730 —▸ 0xffffd75c ◂— 0
 EIP  0x8048734 (main+195) —▸ 0xfffd17e8 ◂— 0
────────────────────────────────────────────────────────────[ DISASM / i386 / set emulate off ]─────────────────────────────────────────────────────────────
 ► 0x8048734 <main+195>    call   fgets@plt                   <fgets@plt>
        s: 0xffffd75c ◂— 0
        n: 0x400
        stream: 0xf7fa7620 (_IO_2_1_stdin_) ◂— 0xfbad2288

   0x8048739 <main+200>    mov    dword ptr [esp + 0x28], 0
   0x8048741 <main+208>    jmp    main+239                    <main+239>
    ↓
   0x8048760 <main+239>    mov    ebx, dword ptr [esp + 0x28]
   0x8048764 <main+243>    lea    eax, [esp + 0x2c]
   0x8048768 <main+247>    mov    dword ptr [esp], eax
   0x804876b <main+250>    call   strlen@plt                  <strlen@plt>

   0x8048770 <main+255>    cmp    ebx, eax
   0x8048772 <main+257>    jb     main+210                    <main+210>

   0x8048774 <main+259>    mov    eax, 0                           EAX => 0
   0x8048779 <main+264>    mov    edx, dword ptr [esp + 0x42c]
─────────────────────────────────────────────────────────────────────────[ STACK ]──────────────────────────────────────────────────────────────────────────
00:0000│ esp 0xffffd730 —▸ 0xffffd75c ◂— 0
01:0004│-434 0xffffd734 ◂— 0x400
02:0008│-430 0xffffd738 —▸ 0xf7fa7620 (_IO_2_1_stdin_) ◂— 0xfbad2288
03:000c│-42c 0xffffd73c ◂— 0
04:0010│-428 0xffffd740 —▸ 0xf7d973fb ◂— '__tunable_get_val'
05:0014│-424 0xffffd744 —▸ 0xf7fd02a4 (_dl_lookup_symbol_x+292) ◂— add esp, 0x30
06:0018│-420 0xffffd748 —▸ 0xf7d82634 ◂— 0x8087
07:001c│-41c 0xffffd74c —▸ 0xffffdc24 —▸ 0xffffdd5c ◂— '/home/brainfuck/brainfuck'
───────────────────────────────────────────────────────────────────────[ BACKTRACE ]────────────────────────────────────────────────────────────────────────
 ► 0 0x8048734 main+195
   1 0xf7d9e519 __libc_start_call_main+121
   2 0xf7d9e5f3 __libc_start_main+147
   3 0x8048501 _start+33
────────────────────────────────────────────────────────────────────────────────────────────────────────────────────────────────────────────────────────────
pwndbg> x/wx *0x0804a018
0xf7df02a0:     0xfb1e0ff3
pwndbg> x/wx 0x0804a018
0x804a018 <puts@got.plt>:       0xf7df02a0
pwndbg> exit
warning: Could not rename /home/brainfuck/.gdb_history-gdb56879~ to /home/brainfuck/.gdb_history: No such file or directory
brainfuck@ubuntu:~$ gdb ./brainfuck
GNU gdb (Ubuntu 12.1-0ubuntu1~22.04.2) 12.1
Copyright (C) 2022 Free Software Foundation, Inc.
License GPLv3+: GNU GPL version 3 or later <http://gnu.org/licenses/gpl.html>
This is free software: you are free to change and redistribute it.
There is NO WARRANTY, to the extent permitted by law.
Type "show copying" and "show warranty" for details.
This GDB was configured as "x86_64-linux-gnu".
Type "show configuration" for configuration details.
For bug reporting instructions, please see:
<https://www.gnu.org/software/gdb/bugs/>.
Find the GDB manual and other documentation resources online at:
    <http://www.gnu.org/software/gdb/documentation/>.

For help, type "help".
Type "apropos word" to search for commands related to "word"...
pwndbg: loaded 187 pwndbg commands and 47 shell commands. Type pwndbg [--shell | --all] [filter] for a list.
pwndbg: created $rebase, $base, $hex2ptr, $argv, $envp, $argc, $environ, $bn_sym, $bn_var, $bn_eval, $ida GDB functions (can be used with print/break)
Reading symbols from ./brainfuck...
(No debugging symbols found in ./brainfuck)
------- tip of the day (disable with set show-tips off) -------
Want to display each context panel in a separate tmux window? See https://github.com/pwndbg/pwndbg/blob/dev/FEATURES.md#splitting--layouting-context
pwndbg> x/wx 0x0804a018
0x804a018 <puts@got.plt>:       0x08048476
pwndbg> exit
warning: Could not rename /home/brainfuck/.gdb_history-gdb57145~ to /home/brainfuck/.gdb_history: No such file or directory
brainfuck@ubuntu:~$ nm -D libc-2.23.so | grep "puts"
0005e730 W fputs@@GLIBC_2.0
000680f0 W fputs_unlocked@@GLIBC_2.1
0005e730 T _IO_fputs@@GLIBC_2.0
0005fcb0 T _IO_puts@@GLIBC_2.0
0005fcb0 W puts@@GLIBC_2.0
000ed340 T putsgent@@GLIBC_2.10
000ebc90 T putspent@@GLIBC_2.0
brainfuck@ubuntu:~$
brainfuck@ubuntu:~$ readelf -Ws ./your_program | grep "puts"
readelf: Error: './your_program': No such file
brainfuck@ubuntu:~$ readelf -Ws ./brainfuck | grep "puts"
     4: 00000000     0 FUNC    GLOBAL DEFAULT  UND puts@GLIBC_2.0 (2)
    57: 00000000     0 FUNC    GLOBAL DEFAULT  UND puts@@GLIBC_2.0
brainfuck@ubuntu:~$ readelf -Ws ./brainfuck | grep "memset"
     9: 00000000     0 FUNC    GLOBAL DEFAULT  UND memset@GLIBC_2.0 (2)
    66: 00000000     0 FUNC    GLOBAL DEFAULT  UND memset@@GLIBC_2.0
brainfuck@ubuntu:~$ client_loop: send disconnect: Broken pipe
dalal@ItamarLaptop:/mnt/c/users/dalal/desktop/private_projects/ctf/pwnable.kr/brainfuck$ ssh brainfuck@pwnable.kr -p2222
brainfuck@pwnable.kr's password:
██     ██ ███████ ██       ██████  ██████  ███    ███ ███████     ████████  ██████
██     ██ ██      ██      ██      ██    ██ ████  ████ ██             ██    ██    ██
██  █  ██ █████   ██      ██      ██    ██ ██ ████ ██ █████          ██    ██    ██
██ ███ ██ ██      ██      ██      ██    ██ ██  ██  ██ ██             ██    ██    ██
 ███ ███  ███████ ███████  ██████  ██████  ██      ██ ███████        ██     ██████


██████  ██     ██ ███    ██  █████  ██████  ██      ███████    ██   ██ ██████
██   ██ ██     ██ ████   ██ ██   ██ ██   ██ ██      ██         ██  ██  ██   ██
██████  ██  █  ██ ██ ██  ██ ███████ ██████  ██      █████      █████   ██████
██      ██ ███ ██ ██  ██ ██ ██   ██ ██   ██ ██      ██         ██  ██  ██   ██
██       ███ ███  ██   ████ ██   ██ ██████  ███████ ███████ ██ ██   ██ ██   ██


Admin: daehee (daehee87@khu.ac.kr)
Please note that server is under renewal/update.
Please don't brute-force the resource, be kind to other users.
Installed Tools: pwndbg, qemu, python2, python3
(let admin know if some essential tool is missing)
**IMPORTANT: stuff under /tmp can be erased. "/usr/local/bin/cleanup_tmp.sh" runs every 24H **
brainfuck@ubuntu:~$ readelf -Ws ./brainfuck | grep "setvbuf"
     8: 00000000     0 FUNC    GLOBAL DEFAULT  UND setvbuf@GLIBC_2.0 (2)
    65: 00000000     0 FUNC    GLOBAL DEFAULT  UND setvbuf@@GLIBC_2.0
brainfuck@ubuntu:~$ nm -D libc-2.23.so | grep "setvbuf"
00060370 T _IO_setvbuf@@GLIBC_2.0
00060370 W setvbuf@@GLIBC_2.0
brainfuck@ubuntu:~$ gdb ./brainfuck
GNU gdb (Ubuntu 12.1-0ubuntu1~22.04.2) 12.1
Copyright (C) 2022 Free Software Foundation, Inc.
License GPLv3+: GNU GPL version 3 or later <http://gnu.org/licenses/gpl.html>
This is free software: you are free to change and redistribute it.
There is NO WARRANTY, to the extent permitted by law.
Type "show copying" and "show warranty" for details.
This GDB was configured as "x86_64-linux-gnu".
Type "show configuration" for configuration details.
For bug reporting instructions, please see:
<https://www.gnu.org/software/gdb/bugs/>.
Find the GDB manual and other documentation resources online at:
    <http://www.gnu.org/software/gdb/documentation/>.

For help, type "help".
Type "apropos word" to search for commands related to "word"...
pwndbg: loaded 187 pwndbg commands and 47 shell commands. Type pwndbg [--shell | --all] [filter] for a list.
pwndbg: created $rebase, $base, $hex2ptr, $argv, $envp, $argc, $environ, $bn_sym, $bn_var, $bn_eval, $ida GDB functions (can be used with print/break)
Reading symbols from ./brainfuck...
(No debugging symbols found in ./brainfuck)
------- tip of the day (disable with set show-tips off) -------
Calling functions like call (void)puts("hello world") will run all other target threads for the time the function runs. Use set scheduler-locking on to lock the execution to current thread when calling functions
pwndbg> b *0x08048734
Breakpoint 1 at 0x8048734
pwndbg> r
Starting program: /home/brainfuck/brainfuck
[Thread debugging using libthread_db enabled]
Using host libthread_db library "/lib/x86_64-linux-gnu/libthread_db.so.1".
welcome to brainfuck testing system!!
type some brainfuck instructions except [ ]

Breakpoint 1, 0x08048734 in main ()
Disabling the emulation via Unicorn Engine that is used for computing branches as there isn't enough memory (1GB) to use it (since mmap(1G, RWX) failed). See also:
* https://github.com/pwndbg/pwndbg/issues/1534
* https://github.com/unicorn-engine/unicorn/pull/1743
Either free your memory or explicitly set `set emulate off` in your Pwndbg config
LEGEND: STACK | HEAP | CODE | DATA | WX | RODATA
───────────────────────────────────────────────────[ REGISTERS / show-flags off / show-compact-regs off ]───────────────────────────────────────────────────
 EAX  0xffffd75c ◂— 0
 EBX  0xf7fa7000 (_GLOBAL_OFFSET_TABLE_) ◂— 0x229dac
 ECX  0x7c
 EDX  0xffffdb5c ◂— 0xeb7e5d00
 EDI  0xf7ffcb80 (_rtld_global_ro) ◂— 0
 ESI  0xffffdc24 —▸ 0xffffdd5c ◂— '/home/brainfuck/brainfuck'
 EBP  0xffffdb68 —▸ 0xf7ffd020 (_rtld_global) —▸ 0xf7ffda40 ◂— 0
 ESP  0xffffd730 —▸ 0xffffd75c ◂— 0
 EIP  0x8048734 (main+195) —▸ 0xfffd17e8 ◂— 0
────────────────────────────────────────────────────────────[ DISASM / i386 / set emulate off ]─────────────────────────────────────────────────────────────
 ► 0x8048734 <main+195>    call   fgets@plt                   <fgets@plt>
        s: 0xffffd75c ◂— 0
        n: 0x400
        stream: 0xf7fa7620 (_IO_2_1_stdin_) ◂— 0xfbad2288

   0x8048739 <main+200>    mov    dword ptr [esp + 0x28], 0
   0x8048741 <main+208>    jmp    main+239                    <main+239>
    ↓
   0x8048760 <main+239>    mov    ebx, dword ptr [esp + 0x28]
   0x8048764 <main+243>    lea    eax, [esp + 0x2c]
   0x8048768 <main+247>    mov    dword ptr [esp], eax
   0x804876b <main+250>    call   strlen@plt                  <strlen@plt>

   0x8048770 <main+255>    cmp    ebx, eax
   0x8048772 <main+257>    jb     main+210                    <main+210>

   0x8048774 <main+259>    mov    eax, 0                           EAX => 0
   0x8048779 <main+264>    mov    edx, dword ptr [esp + 0x42c]
─────────────────────────────────────────────────────────────────────────[ STACK ]──────────────────────────────────────────────────────────────────────────
00:0000│ esp 0xffffd730 —▸ 0xffffd75c ◂— 0
01:0004│-434 0xffffd734 ◂— 0x400
02:0008│-430 0xffffd738 —▸ 0xf7fa7620 (_IO_2_1_stdin_) ◂— 0xfbad2288
03:000c│-42c 0xffffd73c ◂— 0
04:0010│-428 0xffffd740 —▸ 0xf7d973fb ◂— '__tunable_get_val'
05:0014│-424 0xffffd744 —▸ 0xf7fd02a4 (_dl_lookup_symbol_x+292) ◂— add esp, 0x30
06:0018│-420 0xffffd748 —▸ 0xf7d82634 ◂— 0x8087
07:001c│-41c 0xffffd74c —▸ 0xffffdc24 —▸ 0xffffdd5c ◂— '/home/brainfuck/brainfuck'
───────────────────────────────────────────────────────────────────────[ BACKTRACE ]────────────────────────────────────────────────────────────────────────
 ► 0 0x8048734 main+195
   1 0xf7d9e519 __libc_start_call_main+121
   2 0xf7d9e5f3 __libc_start_main+147
   3 0x8048501 _start+33
────────────────────────────────────────────────────────────────────────────────────────────────────────────────────────────────────────────────────────────
pwndbg> x/wx 0x0804a028
0x804a028 <setvbuf@got.plt>:    0xf7df09b0
pwndbg> client_loop: send disconnect: Broken pipe
dalal@ItamarLaptop:/mnt/c/users/dalal/desktop/private_projects/ctf/pwnable.kr/brainfuck$
dalal@ItamarLaptop:/mnt/c/users/dalal/desktop/private_projects/ctf/pwnable.kr/brainfuck$
dalal@ItamarLaptop:/mnt/c/users/dalal/desktop/private_projects/ctf/pwnable.kr/brainfuck$
dalal@ItamarLaptop:/mnt/c/users/dalal/desktop/private_projects/ctf/pwnable.kr/brainfuck$ ssh brainfuck@pwnable.kr -p2222
brainfuck@pwnable.kr's password:
██     ██ ███████ ██       ██████  ██████  ███    ███ ███████     ████████  ██████
██     ██ ██      ██      ██      ██    ██ ████  ████ ██             ██    ██    ██
██  █  ██ █████   ██      ██      ██    ██ ██ ████ ██ █████          ██    ██    ██
██ ███ ██ ██      ██      ██      ██    ██ ██  ██  ██ ██             ██    ██    ██
 ███ ███  ███████ ███████  ██████  ██████  ██      ██ ███████        ██     ██████


██████  ██     ██ ███    ██  █████  ██████  ██      ███████    ██   ██ ██████
██   ██ ██     ██ ████   ██ ██   ██ ██   ██ ██      ██         ██  ██  ██   ██
██████  ██  █  ██ ██ ██  ██ ███████ ██████  ██      █████      █████   ██████
██      ██ ███ ██ ██  ██ ██ ██   ██ ██   ██ ██      ██         ██  ██  ██   ██
██       ███ ███  ██   ████ ██   ██ ██████  ███████ ███████ ██ ██   ██ ██   ██


Admin: daehee (daehee87@khu.ac.kr)
Please note that server is under renewal/update.
Please don't brute-force the resource, be kind to other users.
Installed Tools: pwndbg, qemu, python2, python3
(let admin know if some essential tool is missing)
**IMPORTANT: stuff under /tmp can be erased. "/usr/local/bin/cleanup_tmp.sh" runs every 24H **
brainfuck@ubuntu:~$ ldd ./your_binary
ldd: ./your_binary: No such file or directory
brainfuck@ubuntu:~$ ldd ./brainfuck
  linux-gate.so.1 (0xf7ef4000)
  libc.so.6 => /lib/i386-linux-gnu/libc.so.6 (0xf7cad000)
  /lib/ld-linux.so.2 (0xf7ef6000)
brainfuck@ubuntu:~$ whoami
brainfuck
brainfuck@ubuntu:~$ ldd ./brainfuck
  linux-gate.so.1 (0xf7ec9000)
  libc.so.6 => /lib/i386-linux-gnu/libc.so.6 (0xf7c82000)
  /lib/ld-linux.so.2 (0xf7ecb000)
brainfuck@ubuntu:~$ whoami
brainfuck
brainfuck@ubuntu:~$ ldd ./brainfuck
  linux-gate.so.1 (0xf7ec5000)
  libc.so.6 => /lib/i386-linux-gnu/libc.so.6 (0xf7c7e000)
  /lib/ld-linux.so.2 (0xf7ec7000)
brainfuck@ubuntu:~$ cat /proc/sys/kernel/randomize_va_space
2
brainfuck@ubuntu:~$ cat /proc/sys/kernel/randomize_va_space
2
brainfuck@ubuntu:~$ gdb ./brainfuck
(gdb) break main
(gdb) run
(gdb) info proc mappings
GNU gdb (Ubuntu 12.1-0ubuntu1~22.04.2) 12.1
Copyright (C) 2022 Free Software Foundation, Inc.
License GPLv3+: GNU GPL version 3 or later <http://gnu.org/licenses/gpl.html>
This is free software: you are free to change and redistribute it.
There is NO WARRANTY, to the extent permitted by law.
Type "show copying" and "show warranty" for details.
This GDB was configured as "x86_64-linux-gnu".
Type "show configuration" for configuration details.
For bug reporting instructions, please see:
<https://www.gnu.org/software/gdb/bugs/>.
Find the GDB manual and other documentation resources online at:
    <http://www.gnu.org/software/gdb/documentation/>.

For help, type "help".
Type "apropos word" to search for commands related to "word"...
pwndbg: loaded 187 pwndbg commands and 47 shell commands. Type pwndbg [--shell | --all] [filter] for a list.
pwndbg: created $rebase, $base, $hex2ptr, $argv, $envp, $argc, $environ, $bn_sym, $bn_var, $bn_eval, $ida GDB functions (can be used with print/break)
Reading symbols from ./brainfuck...
(No debugging symbols found in ./brainfuck)
------- tip of the day (disable with set show-tips off) -------
The set show-flags on setting will display CPU flags register in the regs context panel
pwndbg> break main
Breakpoint 1 at 0x8048675
pwndbg> r
Starting program: /home/brainfuck/brainfuck
[Thread debugging using libthread_db enabled]
Using host libthread_db library "/lib/x86_64-linux-gnu/libthread_db.so.1".

Breakpoint 1, 0x08048675 in main ()
Disabling the emulation via Unicorn Engine that is used for computing branches as there isn't enough memory (1GB) to use it (since mmap(1G, RWX) failed). See also:
* https://github.com/pwndbg/pwndbg/issues/1534
LEGEND: STACK | HEAP | CODE | DATA | WX | RODATA
───────────────────────────────────────────────────[ REGISTERS / show-flags off / show-compact-regs off ]───────────────────────────────────────────────────
 EAX  0x8048671 (main) ◂— push ebp
 EBX  0xf7fa7000 (_GLOBAL_OFFSET_TABLE_) ◂— 0x229dac
 ECX  0xd4212b82
 EDX  0xffffdb90 —▸ 0xf7fa7000 (_GLOBAL_OFFSET_TABLE_) ◂— 0x229dac
 EDI  0xf7ffcb80 (_rtld_global_ro) ◂— 0
 ESI  0xffffdc24 —▸ 0xffffdd5d ◂— '/home/brainfuck/brainfuck'
 EBP  0xffffdb68 —▸ 0xf7ffd020 (_rtld_global) —▸ 0xf7ffda40 ◂— 0
 ESP  0xffffdb64 —▸ 0xf7fa7000 (_GLOBAL_OFFSET_TABLE_) ◂— 0x229dac
 EIP  0x8048675 (main+4) ◂— and esp, 0xfffffff0
────────────────────────────────────────────────────────────[ DISASM / i386 / set emulate off ]─────────────────────────────────────────────────────────────
 ► 0x8048675 <main+4>     and    esp, 0xfffffff0                  ESP => 0xffffdb64 & 0xfffffff0
   0x8048678 <main+7>     sub    esp, 0x430
   0x804867e <main+13>    mov    eax, dword ptr [ebp + 0xc]
   0x8048681 <main+16>    mov    dword ptr [esp + 0x1c], eax
   0x8048685 <main+20>    mov    eax, dword ptr gs:[0x14]         EAX, [0xf7fbf514]
   0x804868b <main+26>    mov    dword ptr [esp + 0x42c], eax
   0x8048692 <main+33>    xor    eax, eax                         EAX => 0
   0x8048694 <main+35>    mov    eax, dword ptr [0x804a060]       EAX, [stdout@@GLIBC_2.0]
   0x8048699 <main+40>    mov    dword ptr [esp + 0xc], 0
   0x80486a1 <main+48>    mov    dword ptr [esp + 8], 2
   0x80486a9 <main+56>    mov    dword ptr [esp + 4], 0
─────────────────────────────────────────────────────────────────────────[ STACK ]──────────────────────────────────────────────────────────────────────────
00:0000│ esp 0xffffdb64 —▸ 0xf7fa7000 (_GLOBAL_OFFSET_TABLE_) ◂— 0x229dac
01:0004│ ebp 0xffffdb68 —▸ 0xf7ffd020 (_rtld_global) —▸ 0xf7ffda40 ◂— 0
02:0008│+004 0xffffdb6c —▸ 0xf7d9e519 (__libc_start_call_main+121) ◂— add esp, 0x10
03:000c│+008 0xffffdb70 ◂— 1
04:0010│+00c 0xffffdb74 —▸ 0xffffdc24 —▸ 0xffffdd5d ◂— '/home/brainfuck/brainfuck'
05:0014│+010 0xffffdb78 —▸ 0xffffdc2c —▸ 0xffffdd77 ◂— 'SHELL=/bin/bash'
06:0018│+014 0xffffdb7c —▸ 0xffffdb90 —▸ 0xf7fa7000 (_GLOBAL_OFFSET_TABLE_) ◂— 0x229dac
07:001c│+018 0xffffdb80 —▸ 0xf7fa7000 (_GLOBAL_OFFSET_TABLE_) ◂— 0x229dac
───────────────────────────────────────────────────────────────────────[ BACKTRACE ]────────────────────────────────────────────────────────────────────────
 ► 0 0x8048675 main+4
   1 0xf7d9e519 __libc_start_call_main+121
   2 0xf7d9e5f3 __libc_start_main+147
   3 0x8048501 _start+33
────────────────────────────────────────────────────────────────────────────────────────────────────────────────────────────────────────────────────────────
pwndbg> info proc mappings
process 63545
Mapped address spaces:

  Start Addr   End Addr       Size     Offset  Perms   objfile
   0x8048000  0x8049000     0x1000        0x0  r-xp   /home/brainfuck/brainfuck
   0x8049000  0x804a000     0x1000        0x0  r--p   /home/brainfuck/brainfuck
   0x804a000  0x804b000     0x1000     0x1000  rw-p   /home/brainfuck/brainfuck
  0xf7d7d000 0xf7d9d000    0x20000        0x0  r--p   /usr/lib/i386-linux-gnu/libc.so.6
  0xf7d9d000 0xf7f1f000   0x182000    0x20000  r-xp   /usr/lib/i386-linux-gnu/libc.so.6
  0xf7f1f000 0xf7fa4000    0x85000   0x1a2000  r--p   /usr/lib/i386-linux-gnu/libc.so.6
  0xf7fa4000 0xf7fa5000     0x1000   0x227000  ---p   /usr/lib/i386-linux-gnu/libc.so.6
  0xf7fa5000 0xf7fa7000     0x2000   0x227000  r--p   /usr/lib/i386-linux-gnu/libc.so.6
  0xf7fa7000 0xf7fa8000     0x1000   0x229000  rw-p   /usr/lib/i386-linux-gnu/libc.so.6
  0xf7fa8000 0xf7fb2000     0xa000        0x0  rw-p
  0xf7fbe000 0xf7fc0000     0x2000        0x0  rw-p
  0xf7fc0000 0xf7fc4000     0x4000        0x0  r--p   [vvar]
  0xf7fc4000 0xf7fc6000     0x2000        0x0  r-xp   [vdso]
  0xf7fc6000 0xf7fc7000     0x1000        0x0  r--p   /usr/lib/i386-linux-gnu/ld-linux.so.2
  0xf7fc7000 0xf7fec000    0x25000     0x1000  r-xp   /usr/lib/i386-linux-gnu/ld-linux.so.2
  0xf7fec000 0xf7ffb000     0xf000    0x26000  r--p   /usr/lib/i386-linux-gnu/ld-linux.so.2
  0xf7ffb000 0xf7ffd000     0x2000    0x34000  r--p   /usr/lib/i386-linux-gnu/ld-linux.so.2
  0xf7ffd000 0xf7ffe000     0x1000    0x36000  rw-p   /usr/lib/i386-linux-gnu/ld-linux.so.2
  0xfffdd000 0xffffe000    0x21000        0x0  rw-p   [stack]
pwndbg> client_loop: send disconnect: Broken pipe
dalal@ItamarLaptop:/mnt/c/users/dalal/desktop/private_projects/ctf/pwnable.kr/brainfuck$ ssh brainfuck@pwnable.kr -p2222
brainfuck@pwnable.kr's password:
██     ██ ███████ ██       ██████  ██████  ███    ███ ███████     ████████  ██████
██     ██ ██      ██      ██      ██    ██ ████  ████ ██             ██    ██    ██
██  █  ██ █████   ██      ██      ██    ██ ██ ████ ██ █████          ██    ██    ██
██ ███ ██ ██      ██      ██      ██    ██ ██  ██  ██ ██             ██    ██    ██
 ███ ███  ███████ ███████  ██████  ██████  ██      ██ ███████        ██     ██████


██████  ██     ██ ███    ██  █████  ██████  ██      ███████    ██   ██ ██████
██   ██ ██     ██ ████   ██ ██   ██ ██   ██ ██      ██         ██  ██  ██   ██
██████  ██  █  ██ ██ ██  ██ ███████ ██████  ██      █████      █████   ██████
██      ██ ███ ██ ██  ██ ██ ██   ██ ██   ██ ██      ██         ██  ██  ██   ██
██       ███ ███  ██   ████ ██   ██ ██████  ███████ ███████ ██ ██   ██ ██   ██


Admin: daehee (daehee87@khu.ac.kr)
Please note that server is under renewal/update.
Please don't brute-force the resource, be kind to other users.
Installed Tools: pwndbg, qemu, python2, python3
(let admin know if some essential tool is missing)
**IMPORTANT: stuff under /tmp can be erased. "/usr/local/bin/cleanup_tmp.sh" runs every 24H **
brainfuck@ubuntu:~$ nm -D libc-2.23.so | grep "system"
0003adb0 T __libc_system@@GLIBC_PRIVATE
00113040 T svcerr_systemerr@@GLIBC_2.0
0003adb0 W system@@GLIBC_2.0
brainfuck@ubuntu:~$ client_loop: send disconnect: Broken pipe
dalal@ItamarLaptop:/mnt/c/users/dalal/desktop/private_projects/ctf/pwnable.kr/brainfuck$
dalal@ItamarLaptop:/mnt/c/users/dalal/desktop/private_projects/ctf/pwnable.kr/brainfuck$ ssh brainfuck@pwnable.kr -p2222
brainfuck@pwnable.kr's password:
██     ██ ███████ ██       ██████  ██████  ███    ███ ███████     ████████  ██████
██     ██ ██      ██      ██      ██    ██ ████  ████ ██             ██    ██    ██
██  █  ██ █████   ██      ██      ██    ██ ██ ████ ██ █████          ██    ██    ██
██ ███ ██ ██      ██      ██      ██    ██ ██  ██  ██ ██             ██    ██    ██
 ███ ███  ███████ ███████  ██████  ██████  ██      ██ ███████        ██     ██████


██████  ██     ██ ███    ██  █████  ██████  ██      ███████    ██   ██ ██████
██   ██ ██     ██ ████   ██ ██   ██ ██   ██ ██      ██         ██  ██  ██   ██
██████  ██  █  ██ ██ ██  ██ ███████ ██████  ██      █████      █████   ██████
██      ██ ███ ██ ██  ██ ██ ██   ██ ██   ██ ██      ██         ██  ██  ██   ██
██       ███ ███  ██   ████ ██   ██ ██████  ███████ ███████ ██ ██   ██ ██   ██


Admin: daehee (daehee87@khu.ac.kr)
Please note that server is under renewal/update.
Please don't brute-force the resource, be kind to other users.
Installed Tools: pwndbg, qemu, python2, python3
(let admin know if some essential tool is missing)
**IMPORTANT: stuff under /tmp can be erased. "/usr/local/bin/cleanup_tmp.sh" runs every 24H **
brainfuck@ubuntu:~$ readelf -s /usr/lib/i386-linux-gnu/libc.so.6 | grep -E "puts@@|setvbuf@@"
   186: 00071c70   332 FUNC    GLOBAL DEFAULT   15 _IO_fputs@@GLIBC_2.0
   642: 00071c70   332 FUNC    WEAK   DEFAULT   15 fputs@@GLIBC_2.0
  1620: 000732a0   476 FUNC    WEAK   DEFAULT   15 puts@@GLIBC_2.0
  2511: 000732a0   476 FUNC    GLOBAL DEFAULT   15 _IO_puts@@GLIBC_2.0
  2846: 000739b0   499 FUNC    WEAK   DEFAULT   15 setvbuf@@GLIBC_2.0
brainfuck@ubuntu:~$ client_loop: send disconnect: Broken pipe
dalal@ItamarLaptop:/mnt/c/users/dalal/desktop/private_projects/ctf/pwnable.kr/brainfuck$ ssh brainfuck@pwnable.kr -p2222
brainfuck@pwnable.kr's password:
██     ██ ███████ ██       ██████  ██████  ███    ███ ███████     ████████  ██████
██     ██ ██      ██      ██      ██    ██ ████  ████ ██             ██    ██    ██
██  █  ██ █████   ██      ██      ██    ██ ██ ████ ██ █████          ██    ██    ██
██ ███ ██ ██      ██      ██      ██    ██ ██  ██  ██ ██             ██    ██    ██
 ███ ███  ███████ ███████  ██████  ██████  ██      ██ ███████        ██     ██████


██████  ██     ██ ███    ██  █████  ██████  ██      ███████    ██   ██ ██████
██   ██ ██     ██ ████   ██ ██   ██ ██   ██ ██      ██         ██  ██  ██   ██
██████  ██  █  ██ ██ ██  ██ ███████ ██████  ██      █████      █████   ██████
██      ██ ███ ██ ██  ██ ██ ██   ██ ██   ██ ██      ██         ██  ██  ██   ██
██       ███ ███  ██   ████ ██   ██ ██████  ███████ ███████ ██ ██   ██ ██   ██


Admin: daehee (daehee87@khu.ac.kr)
Please note that server is under renewal/update.
Please don't brute-force the resource, be kind to other users.
Installed Tools: pwndbg, qemu, python2, python3
(let admin know if some essential tool is missing)
**IMPORTANT: stuff under /tmp can be erased. "/usr/local/bin/cleanup_tmp.sh" runs every 24H **
brainfuck@ubuntu:~$  nm -D libc-2.23.so | grep "/bin/sh"
brainfuck@ubuntu:~$  nm -D libc-2.23.so | grep "sh"
000e77c0 T bdflush@GLIBC_2.0
000e1f90 T endusershell@@GLIBC_2.0
0005de70 W fflush@@GLIBC_2.0
00067de0 W fflush_unlocked@@GLIBC_2.0
0006bcf0 W _flushlbf@@GLIBC_2.2
000e1f50 T getusershell@@GLIBC_2.0
00101c70 T inet6_opt_finish@@GLIBC_2.5
0006b720 T _IO_default_finish@@GLIBC_2.0
0005de70 T _IO_fflush@@GLIBC_2.0
00069990 T _IO_file_finish@@GLIBC_2.1
0006bcd0 T _IO_flush_all@@GLIBC_2.0
0006bcf0 T _IO_flush_all_linebuffered@@GLIBC_2.0
000622a0 T _IO_wdefault_finish@@GLIBC_2.2
001b3be4 V program_invocation_short_name@@GLIBC_2.0
000e1fe0 T setusershell@@GLIBC_2.0
000e8fb0 T shmat@@GLIBC_2.0
00124690 T shmctl@GLIBC_2.0
000e9080 T shmctl@@GLIBC_2.2
000e9000 T shmdt@@GLIBC_2.0
000e9040 T shmget@@GLIBC_2.0
000e86a0 W shutdown@@GLIBC_2.0
000dea20 T tcflush@@GLIBC_2.0
000e7dc0 T unshare@@GLIBC_2.4
00115010 T xdr_short@@GLIBC_2.0
00115090 T xdr_u_short@@GLIBC_2.0
brainfuck@ubuntu:~$  nm libc-2.23.so | grep "/bin/sh"
nm: libc-2.23.so: no symbols
brainfuck@ubuntu:~$  nm libc-2.23.so | grep "/bin/sh"
nm: libc-2.23.so: no symbols
brainfuck@ubuntu:~$ readelf -sW libc-2.23.so | grep /bin/sh
readelf: Warning: Separate debug info file libc-2.23.so found, but CRC does not match - ignoring
readelf: Warning: Separate debug info file /home/brainfuck/libc-2.23.so found, but CRC does not match - ignoring
brainfuck@ubuntu:~$ readelf -sW libc-2.23.so | grep "/bin/sh"
readelf: Warning: Separate debug info file libc-2.23.so found, but CRC does not match - ignoring
readelf: Warning: Separate debug info file /home/brainfuck/libc-2.23.so found, but CRC does not match - ignoring
brainfuck@ubuntu:~$ objdump -t libc-2.23.so | grep 0015bb2b
objdump: Warning: Separate debug info file libc-2.23.so found, but CRC does not match - ignoring
objdump: Warning: Separate debug info file /home/brainfuck/libc-2.23.so found, but CRC does not match - ignoring
brainfuck@ubuntu:~$ ls
brainfuck  libc-2.23.so  readme
brainfuck@ubuntu:~$ objdump -t libc-2.23.so | grep '^0015b'
objdump: Warning: Separate debug info file libc-2.23.so found, but CRC does not match - ignoring
objdump: Warning: Separate debug info file /home/brainfuck/libc-2.23.so found, but CRC does not match - ignoring
brainfuck@ubuntu:~$ client_loop: send disconnect: Broken pipe
dalal@ItamarLaptop:/mnt/c/users/dalal/desktop/private_projects/ctf/pwnable.kr/brainfuck$
dalal@ItamarLaptop:/mnt/c/users/dalal/desktop/private_projects/ctf/pwnable.kr/brainfuck$
dalal@ItamarLaptop:/mnt/c/users/dalal/desktop/private_projects/ctf/pwnable.kr/brainfuck$ sudo apt install opam ocamlbuild
[sudo] password for dalal:
Reading package lists... Done
Building dependency tree... Done
Reading state information... Done
The following additional packages will be installed:
  bubblewrap darcs ledit libamd2 libcolamd2 libglpk40 libltdl7 libncurses-dev libncurses5-dev libsuitesparseconfig5 mercurial mercurial-common ocaml
  ocaml-base ocaml-compiler-libs ocaml-interp ocaml-man opam-installer
Suggested packages:
  libiodbc2-dev default-libmysqlclient-dev ncurses-doc kdiff3 | kdiff3-qt | kompare | meld | tkcvs | mgdiff qct python3-mysqldb python3-openssl
  python3-pygments wish ocaml-doc elpa-tuareg opam-doc
The following NEW packages will be installed:
  bubblewrap darcs ledit libamd2 libcolamd2 libglpk40 libltdl7 libncurses-dev libncurses5-dev libsuitesparseconfig5 mercurial mercurial-common ocaml
  ocaml-base ocaml-compiler-libs ocaml-interp ocaml-man ocamlbuild opam opam-installer
0 upgraded, 20 newly installed, 0 to remove and 75 not upgraded.
Need to get 145 MB of archives.
After this operation, 508 MB of additional disk space will be used.
Do you want to continue? [Y/n] y
Get:1 http://archive.ubuntu.com/ubuntu jammy-updates/main amd64 bubblewrap amd64 0.6.1-1ubuntu0.1 [46.3 kB]
Get:2 http://archive.ubuntu.com/ubuntu jammy/universe amd64 darcs amd64 2.14.5-1build1 [3779 kB]
Get:3 http://archive.ubuntu.com/ubuntu jammy/universe amd64 ocaml-base amd64 4.13.1-3ubuntu1 [589 kB]
Get:4 http://archive.ubuntu.com/ubuntu jammy/universe amd64 ledit all 2.04-6build2 [59.0 kB]
Get:5 http://archive.ubuntu.com/ubuntu jammy/main amd64 libsuitesparseconfig5 amd64 1:5.10.1+dfsg-4build1 [10.4 kB]
Get:6 http://archive.ubuntu.com/ubuntu jammy/universe amd64 libamd2 amd64 1:5.10.1+dfsg-4build1 [21.6 kB]
Get:7 http://archive.ubuntu.com/ubuntu jammy/main amd64 libcolamd2 amd64 1:5.10.1+dfsg-4build1 [18.0 kB]
Get:8 http://archive.ubuntu.com/ubuntu jammy/main amd64 libltdl7 amd64 2.4.6-15build2 [39.6 kB]
Get:9 http://archive.ubuntu.com/ubuntu jammy/universe amd64 libglpk40 amd64 5.0-1 [361 kB]
Get:10 http://archive.ubuntu.com/ubuntu jammy-updates/main amd64 libncurses-dev amd64 6.3-2ubuntu0.1 [381 kB]
Get:11 http://archive.ubuntu.com/ubuntu jammy-updates/main amd64 libncurses5-dev amd64 6.3-2ubuntu0.1 [790 B]
Get:12 http://archive.ubuntu.com/ubuntu jammy/universe amd64 mercurial-common all 6.1.1-1ubuntu1 [2906 kB]
Get:13 http://archive.ubuntu.com/ubuntu jammy/universe amd64 mercurial amd64 6.1.1-1ubuntu1 [320 kB]
Get:14 http://archive.ubuntu.com/ubuntu jammy/universe amd64 ocaml-compiler-libs amd64 4.13.1-3ubuntu1 [36.2 MB]
Get:15 http://archive.ubuntu.com/ubuntu jammy/universe amd64 ocaml-interp amd64 4.13.1-3ubuntu1 [7488 kB]
Get:16 http://archive.ubuntu.com/ubuntu jammy/universe amd64 ocaml amd64 4.13.1-3ubuntu1 [87.7 MB]
Get:17 http://archive.ubuntu.com/ubuntu jammy/universe amd64 ocaml-man all 4.13.1-3ubuntu1 [519 kB]
Get:18 http://archive.ubuntu.com/ubuntu jammy/universe amd64 ocamlbuild amd64 0.14.1-1 [1105 kB]
Get:19 http://archive.ubuntu.com/ubuntu jammy/universe amd64 opam-installer amd64 2.1.2-1 [1273 kB]
Get:20 http://archive.ubuntu.com/ubuntu jammy/universe amd64 opam amd64 2.1.2-1 [2578 kB]
Fetched 145 MB in 7s (20.7 MB/s)
Selecting previously unselected package bubblewrap.
(Reading database ... 53305 files and directories currently installed.)
Preparing to unpack .../00-bubblewrap_0.6.1-1ubuntu0.1_amd64.deb ...
Unpacking bubblewrap (0.6.1-1ubuntu0.1) ...
Selecting previously unselected package darcs.
Preparing to unpack .../01-darcs_2.14.5-1build1_amd64.deb ...
Unpacking darcs (2.14.5-1build1) ...
Selecting previously unselected package ocaml-base.
Preparing to unpack .../02-ocaml-base_4.13.1-3ubuntu1_amd64.deb ...
Unpacking ocaml-base (4.13.1-3ubuntu1) ...
Selecting previously unselected package ledit.
Preparing to unpack .../03-ledit_2.04-6build2_all.deb ...
Unpacking ledit (2.04-6build2) ...
Selecting previously unselected package libsuitesparseconfig5:amd64.
Preparing to unpack .../04-libsuitesparseconfig5_1%3a5.10.1+dfsg-4build1_amd64.deb ...
Unpacking libsuitesparseconfig5:amd64 (1:5.10.1+dfsg-4build1) ...
Selecting previously unselected package libamd2:amd64.
Preparing to unpack .../05-libamd2_1%3a5.10.1+dfsg-4build1_amd64.deb ...
Unpacking libamd2:amd64 (1:5.10.1+dfsg-4build1) ...
Selecting previously unselected package libcolamd2:amd64.
Preparing to unpack .../06-libcolamd2_1%3a5.10.1+dfsg-4build1_amd64.deb ...
Unpacking libcolamd2:amd64 (1:5.10.1+dfsg-4build1) ...
Selecting previously unselected package libltdl7:amd64.
Preparing to unpack .../07-libltdl7_2.4.6-15build2_amd64.deb ...
Unpacking libltdl7:amd64 (2.4.6-15build2) ...
Selecting previously unselected package libglpk40:amd64.
Preparing to unpack .../08-libglpk40_5.0-1_amd64.deb ...
Unpacking libglpk40:amd64 (5.0-1) ...
Selecting previously unselected package libncurses-dev:amd64.
Preparing to unpack .../09-libncurses-dev_6.3-2ubuntu0.1_amd64.deb ...
Unpacking libncurses-dev:amd64 (6.3-2ubuntu0.1) ...
Selecting previously unselected package libncurses5-dev:amd64.
Preparing to unpack .../10-libncurses5-dev_6.3-2ubuntu0.1_amd64.deb ...
Unpacking libncurses5-dev:amd64 (6.3-2ubuntu0.1) ...
Selecting previously unselected package mercurial-common.
Preparing to unpack .../11-mercurial-common_6.1.1-1ubuntu1_all.deb ...
Unpacking mercurial-common (6.1.1-1ubuntu1) ...
Selecting previously unselected package mercurial.
Preparing to unpack .../12-mercurial_6.1.1-1ubuntu1_amd64.deb ...
Unpacking mercurial (6.1.1-1ubuntu1) ...
Selecting previously unselected package ocaml-compiler-libs.
Preparing to unpack .../13-ocaml-compiler-libs_4.13.1-3ubuntu1_amd64.deb ...
Unpacking ocaml-compiler-libs (4.13.1-3ubuntu1) ...
Selecting previously unselected package ocaml-interp.
Preparing to unpack .../14-ocaml-interp_4.13.1-3ubuntu1_amd64.deb ...
Unpacking ocaml-interp (4.13.1-3ubuntu1) ...
Selecting previously unselected package ocaml.
Preparing to unpack .../15-ocaml_4.13.1-3ubuntu1_amd64.deb ...
Unpacking ocaml (4.13.1-3ubuntu1) ...
Selecting previously unselected package ocaml-man.
Preparing to unpack .../16-ocaml-man_4.13.1-3ubuntu1_all.deb ...
Unpacking ocaml-man (4.13.1-3ubuntu1) ...
Selecting previously unselected package ocamlbuild.
Preparing to unpack .../17-ocamlbuild_0.14.1-1_amd64.deb ...
Unpacking ocamlbuild (0.14.1-1) ...
Selecting previously unselected package opam-installer.
Preparing to unpack .../18-opam-installer_2.1.2-1_amd64.deb ...
Unpacking opam-installer (2.1.2-1) ...
Selecting previously unselected package opam.
Preparing to unpack .../19-opam_2.1.2-1_amd64.deb ...
Unpacking opam (2.1.2-1) ...
Setting up bubblewrap (0.6.1-1ubuntu0.1) ...
Setting up libncurses-dev:amd64 (6.3-2ubuntu0.1) ...
Setting up mercurial-common (6.1.1-1ubuntu1) ...
Setting up darcs (2.14.5-1build1) ...
Setting up ocaml-base (4.13.1-3ubuntu1) ...
Setting up libltdl7:amd64 (2.4.6-15build2) ...
Setting up opam-installer (2.1.2-1) ...
Setting up libncurses5-dev:amd64 (6.3-2ubuntu0.1) ...
Setting up ocaml-man (4.13.1-3ubuntu1) ...
Setting up libsuitesparseconfig5:amd64 (1:5.10.1+dfsg-4build1) ...
Setting up libamd2:amd64 (1:5.10.1+dfsg-4build1) ...
Setting up libcolamd2:amd64 (1:5.10.1+dfsg-4build1) ...
Setting up mercurial (6.1.1-1ubuntu1) ...

Creating config file /etc/mercurial/hgrc.d/hgext.rc with new version
Setting up ocamlbuild (0.14.1-1) ...
Setting up ledit (2.04-6build2) ...
update-alternatives: using /usr/bin/ledit to provide /usr/bin/readline-editor (readline-editor) in auto mode
Setting up libglpk40:amd64 (5.0-1) ...
Setting up opam (2.1.2-1) ...
Setting up ocaml-interp (4.13.1-3ubuntu1) ...
Setting up ocaml (4.13.1-3ubuntu1) ...
Setting up ocaml-compiler-libs (4.13.1-3ubuntu1) ...
Processing triggers for libc-bin (2.35-0ubuntu3.10) ...
Processing triggers for man-db (2.10.2-1) ...
dalal@ItamarLaptop:/mnt/c/users/dalal/desktop/private_projects/ctf/pwnable.kr/brainfuck$ opam init
No configuration file found, using built-in defaults.
Checking for available remotes: rsync and local, git, mercurial, darcs. Perfect!

<><> Fetching repository information ><><><><><><><><><><><><><><><><><><><><><>
[default] Initialised
default (at https://opam.ocaml.org):
    [WARNING] opam is out-of-date. Please consider updating it (https://opam.ocaml.org/doc/Install.html)


<><> Required setup - please read <><><><><><><><><><><><><><><><><><><><><><><>

  In normal operation, opam only alters files within ~/.opam.

  However, to best integrate with your system, some environment variables
  should be set. If you allow it to, this initialisation step will update
  your bash configuration by adding the following line to ~/.profile:

    test -r /home/dalal/.opam/opam-init/init.sh && . /home/dalal/.opam/opam-init/init.sh > /dev/null 2> /dev/null || true

  Otherwise, every time you want to access your opam installation, you will
  need to run:

    eval $(opam env)

  You can always re-run this setup with 'opam init' later.

Do you want opam to modify ~/.profile? [N/y/f]
(default is 'no', use 'f' to choose a different file)

<><> Creating initial switch 'default' (invariant ["ocaml" {>= "4.05.0"}] - initially with ocaml-system)

<><> Installing new switch packages <><><><><><><><><><><><><><><><><><><><><><>
Switch invariant: ["ocaml" {>= "4.05.0"}]

<><> Processing actions <><><><><><><><><><><><><><><><><><><><><><><><><><><><>
∗ installed base-bigarray.base
∗ installed base-threads.base
∗ installed base-unix.base
⬇ retrieved ocaml-system.4.13.1  (https://opam.ocaml.org/cache)
∗ installed ocaml-system.4.13.1
⬇ retrieved ocaml-config.2  (2 extra sources)
∗ installed ocaml-config.2
∗ installed ocaml.4.13.1
Done.
# Run eval $(opam env --switch=default) to update the current shell environment
dalal@ItamarLaptop:/mnt/c/users/dalal/desktop/private_projects/ctf/pwnable.kr/brainfuck$ eval $(opam config env)
dalal@ItamarLaptop:/mnt/c/users/dalal/desktop/private_projects/ctf/pwnable.kr/brainfuck$ opam install ocamlfind
The following actions will be performed:
  ∗ install ocamlfind 1.9.8

<><> Processing actions <><><><><><><><><><><><><><><><><><><><><><><><><><><><>
⬇ retrieved ocamlfind.1.9.8  (https://opam.ocaml.org/cache)
∗ installed ocamlfind.1.9.8
Done.
dalal@ItamarLaptop:/mnt/c/users/dalal/desktop/private_projects/ctf/pwnable.kr/brainfuck$ make build
make: *** No rule to make target 'build'.  Stop.
dalal@ItamarLaptop:/mnt/c/users/dalal/desktop/private_projects/ctf/pwnable.kr/brainfuck$ ls
brainfuck  libc-2.23.so  readme
dalal@ItamarLaptop:/mnt/c/users/dalal/desktop/private_projects/ctf/pwnable.kr/brainfuck$ ./c2bf.native --help
-bash: ./c2bf.native: No such file or directory
dalal@ItamarLaptop:/mnt/c/users/dalal/desktop/private_projects/ctf/pwnable.kr/brainfuck$ opam init

<><> Required setup - please read <><><><><><><><><><><><><><><><><><><><><><><>

  In normal operation, opam only alters files within ~/.opam.

  However, to best integrate with your system, some environment variables
  should be set. If you allow it to, this initialisation step will update
  your bash configuration by adding the following line to ~/.profile:

    test -r /home/dalal/.opam/opam-init/init.sh && . /home/dalal/.opam/opam-init/init.sh > /dev/null 2> /dev/null || true

  Otherwise, every time you want to access your opam installation, you will
  need to run:

    eval $(opam env)

  You can always re-run this setup with 'opam init' later.

Do you want opam to modify ~/.profile? [N/y/f]
(default is 'no', use 'f' to choose a different file) y
A hook can be added to opam's init scripts to ensure that the shell remains in sync with the opam environment when they are loaded. Set that up? [y/N] y

User configuration:
  Updating ~/.profile.
[NOTE] Make sure that ~/.profile is well sourced in your ~/.bashrc.

dalal@ItamarLaptop:/mnt/c/users/dalal/desktop/private_projects/ctf/pwnable.kr/brainfuck$
dalal@ItamarLaptop:/mnt/c/users/dalal/desktop/private_projects/ctf/pwnable.kr/brainfuck$ eval $(opam config env)
dalal@ItamarLaptop:/mnt/c/users/dalal/desktop/private_projects/ctf/pwnable.kr/brainfuck$ ./c2bf.native --help
-bash: ./c2bf.native: No such file or directory
dalal@ItamarLaptop:/mnt/c/users/dalal/desktop/private_projects/ctf/pwnable.kr/brainfuck$ eval $(opam config env)git clone https://github.com/jaredramirez/c2bf.git
cd c2bf
Cloning into 'c2bf'...
Username for 'https://github.com': ^C
-bash: cd: c2bf: No such file or directory
dalal@ItamarLaptop:/mnt/c/users/dalal/desktop/private_projects/ctf/pwnable.kr/brainfuck$ git clone https://github.com/jaredramirez/c2bf.git
cd c2bf
Cloning into 'c2bf'...
Username for 'https://github.com': Itamar-Dalal
Password for 'https://Itamar-Dalal@github.com':
remote: Support for password authentication was removed on August 13, 2021.
remote: Please see https://docs.github.com/get-started/getting-started-with-git/about-remote-repositories#cloning-with-https-urls for information on currently recommended modes of authentication.
fatal: Authentication failed for 'https://github.com/jaredramirez/c2bf.git/'
-bash: cd: c2bf: No such file or directory
dalal@ItamarLaptop:/mnt/c/users/dalal/desktop/private_projects/ctf/pwnable.kr/brainfuck$ git clone https://github.com/jaredramirez/c2bf.git
Cloning into 'c2bf'...
Username for 'https://github.com': Itamar-Dalal
Password for 'https://Itamar-Dalal@github.com':
remote: Support for password authentication was removed on August 13, 2021.
remote: Please see https://docs.github.com/get-started/getting-started-with-git/about-remote-repositories#cloning-with-https-urls for information on currently recommended modes of authentication.
fatal: Authentication failed for 'https://github.com/jaredramirez/c2bf.git/'
dalal@ItamarLaptop:/mnt/c/users/dalal/desktop/private_projects/ctf/pwnable.kr/brainfuck$ ls
brainfuck  c2bf-master  libc-2.23.so  readme
dalal@ItamarLaptop:/mnt/c/users/dalal/desktop/private_projects/ctf/pwnable.kr/brainfuck$ cd c2bf-master
dalal@ItamarLaptop:/mnt/c/users/dalal/desktop/private_projects/ctf/pwnable.kr/brainfuck/c2bf-master$
